C:/Users/Gary/Desktop/f769/f769/Drivers/BSP/Components/otm8009a/otm8009a.c:462:9:OTM8009A_DeInit	0	static
C:/Users/Gary/Desktop/f769/f769/Drivers/BSP/Components/otm8009a/otm8009a.c:520:9:OTM8009A_GetBrightness	0	static
C:/Users/Gary/Desktop/f769/f769/Drivers/BSP/Components/otm8009a/otm8009a.c:619:9:OTM8009A_GetOrientation	0	static
C:/Users/Gary/Desktop/f769/f769/Drivers/BSP/Components/otm8009a/otm8009a.c:635:9:OTM8009A_GetXSize	0	static
C:/Users/Gary/Desktop/f769/f769/Drivers/BSP/Components/otm8009a/otm8009a.c:662:9:OTM8009A_GetYSize	0	static
C:/Users/Gary/Desktop/f769/f769/Drivers/BSP/Components/otm8009a/otm8009a.c:690:9:OTM8009A_SetCursor	0	static
C:/Users/Gary/Desktop/f769/f769/Drivers/BSP/Components/otm8009a/otm8009a.c:706:9:OTM8009A_DrawBitmap	0	static
C:/Users/Gary/Desktop/f769/f769/Drivers/BSP/Components/otm8009a/otm8009a.c:714:9:OTM8009A_FillRGBRect	0	static
C:/Users/Gary/Desktop/f769/f769/Drivers/BSP/Components/otm8009a/otm8009a.c:730:9:OTM8009A_DrawHLine	0	static
C:/Users/Gary/Desktop/f769/f769/Drivers/BSP/Components/otm8009a/otm8009a.c:765:9:OTM8009A_FillRect	0	static
C:/Users/Gary/Desktop/f769/f769/Drivers/BSP/Components/otm8009a/otm8009a.c:797:9:OTM8009A_SetPixel	0	static
C:/Users/Gary/Desktop/f769/f769/Drivers/BSP/Components/otm8009a/otm8009a.c:820:16:OTM8009A_ReadRegWrap	4	static
C:/Users/Gary/Desktop/f769/f769/Drivers/BSP/Components/otm8009a/otm8009a.c:835:16:OTM8009A_WriteRegWrap	4	static
C:/Users/Gary/Desktop/f769/f769/Drivers/BSP/Components/otm8009a/otm8009a.c:495:9:OTM8009A_SetBrightness	16	static
C:/Users/Gary/Desktop/f769/f769/Drivers/BSP/Components/otm8009a/otm8009a.c:531:9:OTM8009A_DisplayOn	16	static
C:/Users/Gary/Desktop/f769/f769/Drivers/BSP/Components/otm8009a/otm8009a.c:554:9:OTM8009A_DisplayOff	16	static
C:/Users/Gary/Desktop/f769/f769/Drivers/BSP/Components/otm8009a/otm8009a.c:578:9:OTM8009A_SetOrientation	32	static
C:/Users/Gary/Desktop/f769/f769/Drivers/BSP/Components/otm8009a/otm8009a.c:473:9:OTM8009A_ReadID	8	static
C:/Users/Gary/Desktop/f769/f769/Drivers/BSP/Components/otm8009a/otm8009a.c:747:9:OTM8009A_DrawVLine	0	static
C:/Users/Gary/Desktop/f769/f769/Drivers/BSP/Components/otm8009a/otm8009a.c:781:9:OTM8009A_GetPixel	0	static
C:/Users/Gary/Desktop/f769/f769/Drivers/BSP/Components/otm8009a/otm8009a.c:846:16:OTM8009A_IO_Delay.isra	16	static
C:/Users/Gary/Desktop/f769/f769/Drivers/BSP/Components/otm8009a/otm8009a.c:160:9:OTM8009A_Init	32	static
C:/Users/Gary/Desktop/f769/f769/Drivers/BSP/Components/otm8009a/otm8009a.c:130:9:OTM8009A_RegisterBusIO	0	static
