C:/Users/Gary/Desktop/f769/f769/USB_DEVICE/Target/usbd_conf.c:15:7:USB_Device_StaticMalloc	8	static
C:/Users/Gary/Desktop/f769/f769/USB_DEVICE/Target/usbd_conf.c:22:6:USB_Device_StaticFree	0	static
C:/Users/Gary/Desktop/f769/f769/USB_DEVICE/Target/usbd_conf.c:27:10:USB_Device_GetFrameNumber	0	static
C:/Users/Gary/Desktop/f769/f769/USB_DEVICE/Target/usbd_conf.c:32:6:HAL_PCD_SetupStageCallback	0	static
C:/Users/Gary/Desktop/f769/f769/USB_DEVICE/Target/usbd_conf.c:37:6:HAL_PCD_DataOutStageCallback	0	static
C:/Users/Gary/Desktop/f769/f769/USB_DEVICE/Target/usbd_conf.c:42:6:HAL_PCD_DataInStageCallback	0	static
C:/Users/Gary/Desktop/f769/f769/USB_DEVICE/Target/usbd_conf.c:47:6:HAL_PCD_SOFCallback	0	static
C:/Users/Gary/Desktop/f769/f769/USB_DEVICE/Target/usbd_conf.c:49:6:HAL_PCD_ResetCallback	16	static
C:/Users/Gary/Desktop/f769/f769/USB_DEVICE/Target/usbd_conf.c:58:6:HAL_PCD_SuspendCallback	0	static
C:/Users/Gary/Desktop/f769/f769/USB_DEVICE/Target/usbd_conf.c:59:6:HAL_PCD_ResumeCallback	0	static
C:/Users/Gary/Desktop/f769/f769/USB_DEVICE/Target/usbd_conf.c:60:6:HAL_PCD_ISOOUTIncompleteCallback	0	static
C:/Users/Gary/Desktop/f769/f769/USB_DEVICE/Target/usbd_conf.c:64:6:HAL_PCD_ISOINIncompleteCallback	0	static
C:/Users/Gary/Desktop/f769/f769/USB_DEVICE/Target/usbd_conf.c:68:6:HAL_PCD_ConnectCallback	0	static
C:/Users/Gary/Desktop/f769/f769/USB_DEVICE/Target/usbd_conf.c:69:6:HAL_PCD_DisconnectCallback	0	static
C:/Users/Gary/Desktop/f769/f769/USB_DEVICE/Target/usbd_conf.c:71:20:USBD_LL_Init	8	static
C:/Users/Gary/Desktop/f769/f769/USB_DEVICE/Target/usbd_conf.c:86:20:USBD_LL_DeInit	8	static
C:/Users/Gary/Desktop/f769/f769/USB_DEVICE/Target/usbd_conf.c:91:20:USBD_LL_Start	8	static
C:/Users/Gary/Desktop/f769/f769/USB_DEVICE/Target/usbd_conf.c:96:20:USBD_LL_Stop	8	static
C:/Users/Gary/Desktop/f769/f769/USB_DEVICE/Target/usbd_conf.c:101:20:USBD_LL_OpenEP	8	static
C:/Users/Gary/Desktop/f769/f769/USB_DEVICE/Target/usbd_conf.c:107:20:USBD_LL_CloseEP	8	static
C:/Users/Gary/Desktop/f769/f769/USB_DEVICE/Target/usbd_conf.c:112:20:USBD_LL_FlushEP	8	static
C:/Users/Gary/Desktop/f769/f769/USB_DEVICE/Target/usbd_conf.c:117:20:USBD_LL_StallEP	8	static
C:/Users/Gary/Desktop/f769/f769/USB_DEVICE/Target/usbd_conf.c:122:20:USBD_LL_ClearStallEP	8	static
C:/Users/Gary/Desktop/f769/f769/USB_DEVICE/Target/usbd_conf.c:127:9:USBD_LL_IsStallEP	0	static
C:/Users/Gary/Desktop/f769/f769/USB_DEVICE/Target/usbd_conf.c:133:20:USBD_LL_SetUSBAddress	8	static
C:/Users/Gary/Desktop/f769/f769/USB_DEVICE/Target/usbd_conf.c:138:20:USBD_LL_Transmit	8	static
C:/Users/Gary/Desktop/f769/f769/USB_DEVICE/Target/usbd_conf.c:144:20:USBD_LL_PrepareReceive	8	static
C:/Users/Gary/Desktop/f769/f769/USB_DEVICE/Target/usbd_conf.c:151:10:USBD_LL_GetRxDataSize	0	static
C:/Users/Gary/Desktop/f769/f769/USB_DEVICE/Target/usbd_conf.c:155:6:USBD_LL_Delay	0	static
