C:/Users/Gary/Desktop/f769/f769/Drivers/BSP/STM32F769I-Discovery/stm32f769i_discovery_audio.c:984:13:SAIx_Out_DeInit	0	static
C:/Users/Gary/Desktop/f769/f769/Drivers/BSP/STM32F769I-Discovery/stm32f769i_discovery_audio.c:1115:13:SAIx_In_DeInit	8	static
C:/Users/Gary/Desktop/f769/f769/Drivers/BSP/STM32F769I-Discovery/stm32f769i_discovery_audio.c:361:9:BSP_AUDIO_OUT_Play	16	static
C:/Users/Gary/Desktop/f769/f769/Drivers/BSP/STM32F769I-Discovery/stm32f769i_discovery_audio.c:386:6:BSP_AUDIO_OUT_ChangeBuffer	0	static
C:/Users/Gary/Desktop/f769/f769/Drivers/BSP/STM32F769I-Discovery/stm32f769i_discovery_audio.c:399:9:BSP_AUDIO_OUT_Pause	8	static
C:/Users/Gary/Desktop/f769/f769/Drivers/BSP/STM32F769I-Discovery/stm32f769i_discovery_audio.c:423:9:BSP_AUDIO_OUT_Resume	8	static
C:/Users/Gary/Desktop/f769/f769/Drivers/BSP/STM32F769I-Discovery/stm32f769i_discovery_audio.c:449:9:BSP_AUDIO_OUT_Stop	8	static
C:/Users/Gary/Desktop/f769/f769/Drivers/BSP/STM32F769I-Discovery/stm32f769i_discovery_audio.c:477:9:BSP_AUDIO_OUT_SetVolume	8	static
C:/Users/Gary/Desktop/f769/f769/Drivers/BSP/STM32F769I-Discovery/stm32f769i_discovery_audio.c:497:9:BSP_AUDIO_OUT_SetMute	8	static
C:/Users/Gary/Desktop/f769/f769/Drivers/BSP/STM32F769I-Discovery/stm32f769i_discovery_audio.c:518:9:BSP_AUDIO_OUT_SetOutputMode	8	static
C:/Users/Gary/Desktop/f769/f769/Drivers/BSP/STM32F769I-Discovery/stm32f769i_discovery_audio.c:562:6:BSP_AUDIO_OUT_SetAudioFrameSlot	8	static
C:/Users/Gary/Desktop/f769/f769/Drivers/BSP/STM32F769I-Discovery/stm32f769i_discovery_audio.c:636:13:BSP_AUDIO_OUT_TransferComplete_CallBack	0	static
C:/Users/Gary/Desktop/f769/f769/Drivers/BSP/STM32F769I-Discovery/stm32f769i_discovery_audio.c:591:6:HAL_SAI_TxCpltCallback	8	static
C:/Users/Gary/Desktop/f769/f769/Drivers/BSP/STM32F769I-Discovery/stm32f769i_discovery_audio.c:644:13:BSP_AUDIO_OUT_HalfTransfer_CallBack	0	static
C:/Users/Gary/Desktop/f769/f769/Drivers/BSP/STM32F769I-Discovery/stm32f769i_discovery_audio.c:605:6:HAL_SAI_TxHalfCpltCallback	8	static
C:/Users/Gary/Desktop/f769/f769/Drivers/BSP/STM32F769I-Discovery/stm32f769i_discovery_audio.c:652:13:BSP_AUDIO_OUT_Error_CallBack	0	static
C:/Users/Gary/Desktop/f769/f769/Drivers/BSP/STM32F769I-Discovery/stm32f769i_discovery_audio.c:662:13:BSP_AUDIO_OUT_MspInit	56	static
C:/Users/Gary/Desktop/f769/f769/Drivers/BSP/STM32F769I-Discovery/stm32f769i_discovery_audio.c:838:13:BSP_AUDIO_OUT_MspDeInit	8	static
C:/Users/Gary/Desktop/f769/f769/Drivers/BSP/STM32F769I-Discovery/stm32f769i_discovery_audio.c:579:6:BSP_AUDIO_OUT_DeInit	8	static
C:/Users/Gary/Desktop/f769/f769/Drivers/BSP/STM32F769I-Discovery/stm32f769i_discovery_audio.c:877:13:BSP_AUDIO_OUT_ClockConfig	152	static
C:/Users/Gary/Desktop/f769/f769/Drivers/BSP/STM32F769I-Discovery/stm32f769i_discovery_audio.c:298:9:BSP_AUDIO_OUT_InitEx	32	static
C:/Users/Gary/Desktop/f769/f769/Drivers/BSP/STM32F769I-Discovery/stm32f769i_discovery_audio.c:293:9:BSP_AUDIO_OUT_Init	0	static
C:/Users/Gary/Desktop/f769/f769/Drivers/BSP/STM32F769I-Discovery/stm32f769i_discovery_audio.c:539:6:BSP_AUDIO_OUT_SetFrequency	16	static
C:/Users/Gary/Desktop/f769/f769/Drivers/BSP/STM32F769I-Discovery/stm32f769i_discovery_audio.c:1222:9:BSP_AUDIO_IN_AllocScratch	12	static
C:/Users/Gary/Desktop/f769/f769/Drivers/BSP/STM32F769I-Discovery/stm32f769i_discovery_audio.c:1241:9:BSP_AUDIO_IN_GetChannelNumber	0	static
C:/Users/Gary/Desktop/f769/f769/Drivers/BSP/STM32F769I-Discovery/stm32f769i_discovery_audio.c:1252:9:BSP_AUDIO_IN_Record	16	static
C:/Users/Gary/Desktop/f769/f769/Drivers/BSP/STM32F769I-Discovery/stm32f769i_discovery_audio.c:1305:9:BSP_AUDIO_IN_Stop	8	static
C:/Users/Gary/Desktop/f769/f769/Drivers/BSP/STM32F769I-Discovery/stm32f769i_discovery_audio.c:1366:9:BSP_AUDIO_IN_Pause	8	static
C:/Users/Gary/Desktop/f769/f769/Drivers/BSP/STM32F769I-Discovery/stm32f769i_discovery_audio.c:1402:9:BSP_AUDIO_IN_Resume	16	static
C:/Users/Gary/Desktop/f769/f769/Drivers/BSP/STM32F769I-Discovery/stm32f769i_discovery_audio.c:1634:13:BSP_AUDIO_IN_TransferComplete_CallBack	0	static
C:/Users/Gary/Desktop/f769/f769/Drivers/BSP/STM32F769I-Discovery/stm32f769i_discovery_audio.c:1624:6:HAL_SAI_RxCpltCallback	8	static
C:/Users/Gary/Desktop/f769/f769/Drivers/BSP/STM32F769I-Discovery/stm32f769i_discovery_audio.c:1645:13:BSP_AUDIO_IN_HalfTransfer_CallBack	0	static
C:/Users/Gary/Desktop/f769/f769/Drivers/BSP/STM32F769I-Discovery/stm32f769i_discovery_audio.c:1460:6:HAL_DFSDM_FilterRegConvCpltCallback	48	static
C:/Users/Gary/Desktop/f769/f769/Drivers/BSP/STM32F769I-Discovery/stm32f769i_discovery_audio.c:1536:6:HAL_DFSDM_FilterRegConvHalfCpltCallback	48	static
C:/Users/Gary/Desktop/f769/f769/Drivers/BSP/STM32F769I-Discovery/stm32f769i_discovery_audio.c:1612:6:HAL_SAI_RxHalfCpltCallback	8	static
C:/Users/Gary/Desktop/f769/f769/Drivers/BSP/STM32F769I-Discovery/stm32f769i_discovery_audio.c:1656:13:BSP_AUDIO_IN_Error_CallBack	0	static
C:/Users/Gary/Desktop/f769/f769/Drivers/BSP/STM32F769I-Discovery/stm32f769i_discovery_audio.c:619:6:HAL_SAI_ErrorCallback	8	static
C:/Users/Gary/Desktop/f769/f769/Drivers/BSP/STM32F769I-Discovery/stm32f769i_discovery_audio.c:1666:13:BSP_AUDIO_IN_MspInit	96	static
C:/Users/Gary/Desktop/f769/f769/Drivers/BSP/STM32F769I-Discovery/stm32f769i_discovery_audio.c:1685:13:BSP_AUDIO_IN_MspDeInit	8	static
C:/Users/Gary/Desktop/f769/f769/Drivers/BSP/STM32F769I-Discovery/stm32f769i_discovery_audio.c:1438:6:BSP_AUDIO_IN_DeInit	8	static
C:/Users/Gary/Desktop/f769/f769/Drivers/BSP/STM32F769I-Discovery/stm32f769i_discovery_audio.c:1709:13:BSP_AUDIO_IN_ClockConfig	152	static
C:/Users/Gary/Desktop/f769/f769/Drivers/BSP/STM32F769I-Discovery/stm32f769i_discovery_audio.c:1155:9:BSP_AUDIO_IN_InitEx	40	static
C:/Users/Gary/Desktop/f769/f769/Drivers/BSP/STM32F769I-Discovery/stm32f769i_discovery_audio.c:1142:9:BSP_AUDIO_IN_Init	0	static
