C:/Users/Gary/Desktop/f769/f769/Core/Src/audio_player.c:107:16:Player_ReadLe24Signed	0	static
C:/Users/Gary/Desktop/f769/f769/Core/Src/audio_player.c:126:13:Player_UpdatePosition	8	static
C:/Users/Gary/Desktop/f769/f769/Core/Src/audio_player.c:118:13:Player_Publish	16	static
C:/Users/Gary/Desktop/f769/f769/Core/Src/audio_player.c:226:16:Player_ReadExact	16	static
C:/Users/Gary/Desktop/f769/f769/Core/Src/audio_player.c:474:17:Player_FillHalf	88	static,ignoring_inline_asm
C:/Users/Gary/Desktop/f769/f769/Core/Src/audio_player.c:168:13:Player_SendCommand	8	static
C:/Users/Gary/Desktop/f769/f769/Core/Src/audio_player.c:693:16:Player_StartOutput	8	static
C:/Users/Gary/Desktop/f769/f769/Core/Src/audio_player.c:645:16:Player_CodecCommand	16	static
C:/Users/Gary/Desktop/f769/f769/Core/Src/audio_player.c:708:13:Player_Close	16	static
C:/Users/Gary/Desktop/f769/f769/Core/Src/audio_player.c:142:6:AudioPlayer_GetSnapshot.part.0	16	static
C:/Users/Gary/Desktop/f769/f769/Core/Src/audio_player.c:142:6:AudioPlayer_GetSnapshot	0	static
C:/Users/Gary/Desktop/f769/f769/Core/Src/audio_player.c:153:9:AudioPlayer_IsBusy	0	static
C:/Users/Gary/Desktop/f769/f769/Core/Src/audio_player.c:158:6:AudioPlayer_CreateResources	8	static
C:/Users/Gary/Desktop/f769/f769/Core/Src/audio_player.c:184:6:AudioPlayer_RequestPlay	32	static
C:/Users/Gary/Desktop/f769/f769/Core/Src/audio_player.c:196:6:AudioPlayer_RequestTogglePause	32	static
C:/Users/Gary/Desktop/f769/f769/Core/Src/audio_player.c:203:6:AudioPlayer_RequestSeek	32	static
C:/Users/Gary/Desktop/f769/f769/Core/Src/audio_player.c:211:6:AudioPlayer_RequestVolume	32	static
C:/Users/Gary/Desktop/f769/f769/Core/Src/audio_player.c:219:6:AudioPlayer_RequestStop	32	static
C:/Users/Gary/Desktop/f769/f769/Core/Src/audio_player.c:724:6:AudioPlayer_Task	832	static
C:/Users/Gary/Desktop/f769/f769/Core/Src/audio_player.c:1027:6:BSP_AUDIO_OUT_HalfTransfer_CallBack	24	static,ignoring_inline_asm
C:/Users/Gary/Desktop/f769/f769/Core/Src/audio_player.c:1044:6:BSP_AUDIO_OUT_TransferComplete_CallBack	24	static,ignoring_inline_asm
C:/Users/Gary/Desktop/f769/f769/Core/Src/audio_player.c:1061:6:BSP_AUDIO_OUT_Error_CallBack	8	static
