C:/Users/Gary/Desktop/f769/f769/Core/Src/rtc.c:49:6:MX_RTC_Init	72	static
C:/Users/Gary/Desktop/f769/f769/Core/Src/rtc.c:145:6:HAL_RTC_MspInit	176	static
C:/Users/Gary/Desktop/f769/f769/Core/Src/rtc.c:187:6:HAL_RTC_MspDeInit	8	static
C:/Users/Gary/Desktop/f769/f769/Core/Src/rtc.c:212:6:HAL_RTCEx_WakeUpTimerEventCallback	0	static
C:/Users/Gary/Desktop/f769/f769/Core/Src/rtc.c:226:6:Stopwatch_Toggle	0	static,ignoring_inline_asm
C:/Users/Gary/Desktop/f769/f769/Core/Src/rtc.c:239:6:Stopwatch_UserButtonIRQ	0	static
C:/Users/Gary/Desktop/f769/f769/Core/Src/rtc.c:259:10:RTC_LSE_GetTicks	0	static
C:/Users/Gary/Desktop/f769/f769/Core/Src/rtc.c:264:6:Stopwatch_Reset	16	static,ignoring_inline_asm
C:/Users/Gary/Desktop/f769/f769/Core/Src/rtc.c:285:9:Stopwatch_Lap	32	static
C:/Users/Gary/Desktop/f769/f769/Core/Src/rtc.c:312:10:Stopwatch_GetTicks	0	static
C:/Users/Gary/Desktop/f769/f769/Core/Src/rtc.c:317:9:Stopwatch_IsRunning	0	static
C:/Users/Gary/Desktop/f769/f769/Core/Src/rtc.c:322:9:Stopwatch_GetLapCount	0	static
C:/Users/Gary/Desktop/f769/f769/Core/Src/rtc.c:327:9:Stopwatch_GetLapNumber	0	static
C:/Users/Gary/Desktop/f769/f769/Core/Src/rtc.c:332:10:Stopwatch_GetLapTicks	0	static
C:/Users/Gary/Desktop/f769/f769/Core/Src/rtc.c:337:10:Stopwatch_GetLapTotalTicks	0	static
