C:/Users/Gary/Desktop/f769/f769/Core/Src/spdif_minphase_fir.c:137:6:SPDIF_MinimumPhaseFir4x_Reset	8	static
C:/Users/Gary/Desktop/f769/f769/Core/Src/spdif_minphase_fir.c:149:6:SPDIF_MinimumPhaseFir4x_Init	8	static
C:/Users/Gary/Desktop/f769/f769/Core/Src/spdif_minphase_fir.c:169:6:SPDIF_WeightedMinimumPhaseFir4x_Init	16	static
C:/Users/Gary/Desktop/f769/f769/Core/Src/spdif_minphase_fir.c:181:6:SPDIF_WeightedLinearPhaseFir4x_Init	16	static
C:/Users/Gary/Desktop/f769/f769/Core/Src/spdif_minphase_fir.c:194:6:SPDIF_MinimumPhaseFir4x_Process	64	static
