C:/Users/Gary/Desktop/f769/f769/Core/Src/spdif_iir_upsampler.c:166:13:SPDIF_IirUpsampler4x_ProcessFloat	16	static
C:/Users/Gary/Desktop/f769/f769/Core/Src/spdif_iir_upsampler.c:91:14:SPDIF_IirUpsampler4x_Tpdf	0	static
C:/Users/Gary/Desktop/f769/f769/Core/Src/spdif_iir_upsampler.c:100:16:SPDIF_IirUpsampler4x_Quantize	8	static
C:/Users/Gary/Desktop/f769/f769/Core/Src/spdif_iir_upsampler.c:112:16:SPDIF_HybridUpsampler4x_QuantizeNoiseShaped2	8	static
C:/Users/Gary/Desktop/f769/f769/Core/Src/spdif_iir_upsampler.c:247:13:SPDIF_HybridUpsampler4x_ProcessInternal	64	static
C:/Users/Gary/Desktop/f769/f769/Core/Src/spdif_iir_upsampler.c:147:6:SPDIF_IirUpsampler4x_Reset	8	static
C:/Users/Gary/Desktop/f769/f769/Core/Src/spdif_iir_upsampler.c:156:6:SPDIF_IirUpsampler4x_Init	8	static
C:/Users/Gary/Desktop/f769/f769/Core/Src/spdif_iir_upsampler.c:206:6:SPDIF_IirUpsampler4x_Process	56	static
C:/Users/Gary/Desktop/f769/f769/Core/Src/spdif_iir_upsampler.c:221:6:SPDIF_HybridUpsampler4x_Reset	8	static
C:/Users/Gary/Desktop/f769/f769/Core/Src/spdif_iir_upsampler.c:232:6:SPDIF_HybridUpsampler4x_Init	16	static
C:/Users/Gary/Desktop/f769/f769/Core/Src/spdif_iir_upsampler.c:310:6:SPDIF_HybridUpsampler4x_Process	16	static
C:/Users/Gary/Desktop/f769/f769/Core/Src/spdif_iir_upsampler.c:317:6:SPDIF_HybridUpsampler4x_ProcessNoiseShaped2	16	static
