C:/Users/Gary/Desktop/f769/f769/Core/Src/spdif_iir_upsampler.c:131:13:SPDIF_IirUpsampler4x_ProcessFloat	16	static
C:/Users/Gary/Desktop/f769/f769/Core/Src/spdif_iir_upsampler.c:100:16:SPDIF_IirUpsampler4x_Quantize	0	static
C:/Users/Gary/Desktop/f769/f769/Core/Src/spdif_iir_upsampler.c:112:6:SPDIF_IirUpsampler4x_Reset	8	static
C:/Users/Gary/Desktop/f769/f769/Core/Src/spdif_iir_upsampler.c:121:6:SPDIF_IirUpsampler4x_Init	8	static
C:/Users/Gary/Desktop/f769/f769/Core/Src/spdif_iir_upsampler.c:171:6:SPDIF_IirUpsampler4x_Process	56	static
C:/Users/Gary/Desktop/f769/f769/Core/Src/spdif_iir_upsampler.c:186:6:SPDIF_HybridUpsampler4x_Reset	8	static
C:/Users/Gary/Desktop/f769/f769/Core/Src/spdif_iir_upsampler.c:195:6:SPDIF_HybridUpsampler4x_Init	16	static
C:/Users/Gary/Desktop/f769/f769/Core/Src/spdif_iir_upsampler.c:208:6:SPDIF_HybridUpsampler4x_Process	64	static
