C:/Users/Gary/Desktop/f769/f769/Core/Src/usb_audio.c:1119:15:USB_Audio_InterfaceInit	0	static
C:/Users/Gary/Desktop/f769/f769/Core/Src/usb_audio.c:1131:15:USB_Audio_InterfaceDeInit	0	static
C:/Users/Gary/Desktop/f769/f769/Core/Src/usb_audio.c:1137:15:USB_Audio_InterfaceCommand	0	static
C:/Users/Gary/Desktop/f769/f769/Core/Src/usb_audio.c:1144:15:USB_Audio_InterfaceVolume	0	static
C:/Users/Gary/Desktop/f769/f769/Core/Src/usb_audio.c:1194:15:USB_Audio_InterfaceGetState	0	static
C:/Users/Gary/Desktop/f769/f769/Core/Src/usb_audio.c:1199:17:USB_Audio_InterfaceGetFeedback	24	static
C:/Users/Gary/Desktop/f769/f769/Core/Src/usb_audio.c:159:13:USB_Audio_Publish	32	static
C:/Users/Gary/Desktop/f769/f769/Core/Src/usb_audio.c:484:13:USB_Audio_ResetStream	8	static
C:/Users/Gary/Desktop/f769/f769/Core/Src/usb_audio.c:928:13:USB_Audio_NotifyDma	24	static,ignoring_inline_asm
C:/Users/Gary/Desktop/f769/f769/Core/Src/usb_audio.c:1163:15:USB_Audio_InterfaceFrequency	8	static
C:/Users/Gary/Desktop/f769/f769/Core/Src/usb_audio.c:1187:15:USB_Audio_InterfacePeriodic	40	static,ignoring_inline_asm
C:/Users/Gary/Desktop/f769/f769/Core/Src/usb_audio.c:1150:15:USB_Audio_InterfaceMute	24	static,ignoring_inline_asm
C:/Users/Gary/Desktop/f769/f769/Core/Src/usb_audio.c:646:17:USB_Audio_FillDmaHalf	72	static,ignoring_inline_asm
C:/Users/Gary/Desktop/f769/f769/Core/Src/usb_audio.c:503:13:USB_Audio_StopPreparedHardware	8	static
C:/Users/Gary/Desktop/f769/f769/Core/Src/usb_audio.c:521:16:USB_Audio_ConfigureHardware	24	static
C:/Users/Gary/Desktop/f769/f769/Core/Src/usb_audio.c:846:16:USB_Audio_StopForRebuffer.isra	8	static
C:/Users/Gary/Desktop/f769/f769/Core/Src/usb_audio.c:215:6:USB_Audio_CreateResources	24	static
C:/Users/Gary/Desktop/f769/f769/Core/Src/usb_audio.c:302:6:USB_Audio_GetSnapshot	16	static
C:/Users/Gary/Desktop/f769/f769/Core/Src/usb_audio.c:310:6:USB_Audio_RequestEnable	8	static
C:/Users/Gary/Desktop/f769/f769/Core/Src/usb_audio.c:318:6:USB_Audio_RequestVolume	8	static
C:/Users/Gary/Desktop/f769/f769/Core/Src/usb_audio.c:331:6:USB_Audio_RequestOutput	8	static
C:/Users/Gary/Desktop/f769/f769/Core/Src/usb_audio.c:347:17:USB_Audio_GetOutput	0	static
C:/Users/Gary/Desktop/f769/f769/Core/Src/usb_audio.c:352:6:USB_Audio_RequestHostMode	8	static
C:/Users/Gary/Desktop/f769/f769/Core/Src/usb_audio.c:371:19:USB_Audio_GetHostMode	0	static
C:/Users/Gary/Desktop/f769/f769/Core/Src/usb_audio.c:376:6:USB_Audio_RequestSpdifMode	8	static
C:/Users/Gary/Desktop/f769/f769/Core/Src/usb_audio.c:422:20:USB_Audio_GetSpdifMode	0	static
C:/Users/Gary/Desktop/f769/f769/Core/Src/usb_audio.c:427:6:USB_Audio_RequestStartFrames	8	static
C:/Users/Gary/Desktop/f769/f769/Core/Src/usb_audio.c:454:10:USB_Audio_GetStartFrames	0	static
C:/Users/Gary/Desktop/f769/f769/Core/Src/usb_audio.c:459:9:USB_Audio_EnableRequested	0	static
C:/Users/Gary/Desktop/f769/f769/Core/Src/usb_audio.c:464:9:USB_Audio_IsActive	0	static
C:/Users/Gary/Desktop/f769/f769/Core/Src/usb_audio.c:469:9:USB_Audio_ClaimsCodec	0	static
C:/Users/Gary/Desktop/f769/f769/Core/Src/usb_audio.c:474:6:USB_Audio_SetDeviceState	4	static
C:/Users/Gary/Desktop/f769/f769/Core/Src/usb_audio.c:619:9:USB_Audio_PrepareHardware	8	static
C:/Users/Gary/Desktop/f769/f769/Core/Src/usb_audio.c:637:6:USB_Audio_ReleaseHardware	8	static
C:/Users/Gary/Desktop/f769/f769/Core/Src/usb_audio.c:923:9:USB_Audio_DmaIsRunning	0	static
C:/Users/Gary/Desktop/f769/f769/Core/Src/usb_audio.c:938:6:USB_Audio_DmaHalfCallback	0	static
C:/Users/Gary/Desktop/f769/f769/Core/Src/usb_audio.c:943:6:USB_Audio_DmaFullCallback	0	static
C:/Users/Gary/Desktop/f769/f769/Core/Src/usb_audio.c:948:6:USB_Audio_DmaErrorCallback	0	static
C:/Users/Gary/Desktop/f769/f769/Core/Src/usb_audio.c:953:6:USB_Audio_Task	48	static
