C:/Users/Gary/Desktop/f769/f769/Core/Src/usb_audio.c:1099:15:USB_Audio_InterfaceInit	0	static
C:/Users/Gary/Desktop/f769/f769/Core/Src/usb_audio.c:1111:15:USB_Audio_InterfaceDeInit	0	static
C:/Users/Gary/Desktop/f769/f769/Core/Src/usb_audio.c:1117:15:USB_Audio_InterfaceCommand	0	static
C:/Users/Gary/Desktop/f769/f769/Core/Src/usb_audio.c:1124:15:USB_Audio_InterfaceVolume	0	static
C:/Users/Gary/Desktop/f769/f769/Core/Src/usb_audio.c:1174:15:USB_Audio_InterfaceGetState	0	static
C:/Users/Gary/Desktop/f769/f769/Core/Src/usb_audio.c:1179:17:USB_Audio_InterfaceGetFeedback	24	static
C:/Users/Gary/Desktop/f769/f769/Core/Src/usb_audio.c:157:13:USB_Audio_Publish	32	static
C:/Users/Gary/Desktop/f769/f769/Core/Src/usb_audio.c:476:13:USB_Audio_ResetStream	8	static
C:/Users/Gary/Desktop/f769/f769/Core/Src/usb_audio.c:908:13:USB_Audio_NotifyDma	24	static,ignoring_inline_asm
C:/Users/Gary/Desktop/f769/f769/Core/Src/usb_audio.c:1143:15:USB_Audio_InterfaceFrequency	8	static
C:/Users/Gary/Desktop/f769/f769/Core/Src/usb_audio.c:1167:15:USB_Audio_InterfacePeriodic	40	static,ignoring_inline_asm
C:/Users/Gary/Desktop/f769/f769/Core/Src/usb_audio.c:1130:15:USB_Audio_InterfaceMute	24	static,ignoring_inline_asm
C:/Users/Gary/Desktop/f769/f769/Core/Src/usb_audio.c:632:17:USB_Audio_FillDmaHalf	72	static,ignoring_inline_asm
C:/Users/Gary/Desktop/f769/f769/Core/Src/usb_audio.c:495:13:USB_Audio_StopPreparedHardware	8	static
C:/Users/Gary/Desktop/f769/f769/Core/Src/usb_audio.c:513:16:USB_Audio_ConfigureHardware	24	static
C:/Users/Gary/Desktop/f769/f769/Core/Src/usb_audio.c:826:16:USB_Audio_StopForRebuffer.isra	8	static
C:/Users/Gary/Desktop/f769/f769/Core/Src/usb_audio.c:213:6:USB_Audio_CreateResources	24	static
C:/Users/Gary/Desktop/f769/f769/Core/Src/usb_audio.c:296:6:USB_Audio_GetSnapshot	16	static
C:/Users/Gary/Desktop/f769/f769/Core/Src/usb_audio.c:304:6:USB_Audio_RequestEnable	8	static
C:/Users/Gary/Desktop/f769/f769/Core/Src/usb_audio.c:312:6:USB_Audio_RequestVolume	8	static
C:/Users/Gary/Desktop/f769/f769/Core/Src/usb_audio.c:325:6:USB_Audio_RequestOutput	8	static
C:/Users/Gary/Desktop/f769/f769/Core/Src/usb_audio.c:341:17:USB_Audio_GetOutput	0	static
C:/Users/Gary/Desktop/f769/f769/Core/Src/usb_audio.c:346:6:USB_Audio_RequestHostMode	8	static
C:/Users/Gary/Desktop/f769/f769/Core/Src/usb_audio.c:365:19:USB_Audio_GetHostMode	0	static
C:/Users/Gary/Desktop/f769/f769/Core/Src/usb_audio.c:370:6:USB_Audio_RequestSpdifMode	8	static
C:/Users/Gary/Desktop/f769/f769/Core/Src/usb_audio.c:414:20:USB_Audio_GetSpdifMode	0	static
C:/Users/Gary/Desktop/f769/f769/Core/Src/usb_audio.c:419:6:USB_Audio_RequestStartFrames	8	static
C:/Users/Gary/Desktop/f769/f769/Core/Src/usb_audio.c:446:10:USB_Audio_GetStartFrames	0	static
C:/Users/Gary/Desktop/f769/f769/Core/Src/usb_audio.c:451:9:USB_Audio_EnableRequested	0	static
C:/Users/Gary/Desktop/f769/f769/Core/Src/usb_audio.c:456:9:USB_Audio_IsActive	0	static
C:/Users/Gary/Desktop/f769/f769/Core/Src/usb_audio.c:461:9:USB_Audio_ClaimsCodec	0	static
C:/Users/Gary/Desktop/f769/f769/Core/Src/usb_audio.c:466:6:USB_Audio_SetDeviceState	4	static
C:/Users/Gary/Desktop/f769/f769/Core/Src/usb_audio.c:605:9:USB_Audio_PrepareHardware	8	static
C:/Users/Gary/Desktop/f769/f769/Core/Src/usb_audio.c:623:6:USB_Audio_ReleaseHardware	8	static
C:/Users/Gary/Desktop/f769/f769/Core/Src/usb_audio.c:903:9:USB_Audio_DmaIsRunning	0	static
C:/Users/Gary/Desktop/f769/f769/Core/Src/usb_audio.c:918:6:USB_Audio_DmaHalfCallback	0	static
C:/Users/Gary/Desktop/f769/f769/Core/Src/usb_audio.c:923:6:USB_Audio_DmaFullCallback	0	static
C:/Users/Gary/Desktop/f769/f769/Core/Src/usb_audio.c:928:6:USB_Audio_DmaErrorCallback	0	static
C:/Users/Gary/Desktop/f769/f769/Core/Src/usb_audio.c:933:6:USB_Audio_Task	48	static
