C:/Users/Gary/Desktop/f769/f769/Core/Src/audio_spectrum.c:131:13:Spectrum_SelectGoertzelCoefficients	24	static
C:/Users/Gary/Desktop/f769/f769/Core/Src/audio_spectrum.c:158:13:Spectrum_Publish	16	static
C:/Users/Gary/Desktop/f769/f769/Core/Src/audio_spectrum.c:176:6:AudioSpectrum_GetSnapshot	8	static
C:/Users/Gary/Desktop/f769/f769/Core/Src/audio_spectrum.c:184:6:AudioSpectrum_SetTriggerFrequency	32	static
C:/Users/Gary/Desktop/f769/f769/Core/Src/audio_spectrum.c:205:6:AudioSpectrum_SetTriggerThreshold	16	static
C:/Users/Gary/Desktop/f769/f769/Core/Src/audio_spectrum.c:221:6:AudioSpectrum_ResetTriggerStopwatch	16	static
C:/Users/Gary/Desktop/f769/f769/Core/Src/audio_spectrum.c:235:6:AudioSpectrum_CreateResources	40	static
C:/Users/Gary/Desktop/f769/f769/Core/Src/audio_spectrum.c:270:9:AudioSpectrum_IsBusy	0	static
C:/Users/Gary/Desktop/f769/f769/Core/Src/audio_spectrum.c:278:6:AudioSpectrum_RequestStart	0	static
C:/Users/Gary/Desktop/f769/f769/Core/Src/audio_spectrum.c:286:6:AudioSpectrum_RequestStop	0	static
C:/Users/Gary/Desktop/f769/f769/Core/Src/audio_spectrum.c:294:13:Spectrum_NotifyFromISR	24	static,ignoring_inline_asm
C:/Users/Gary/Desktop/f769/f769/Core/Src/audio_spectrum.c:302:13:Spectrum_QueueChunkFromISR	40	static,ignoring_inline_asm
C:/Users/Gary/Desktop/f769/f769/Core/Src/audio_spectrum.c:335:6:AudioSpectrum_HalfTransferFromISR	0	static
C:/Users/Gary/Desktop/f769/f769/Core/Src/audio_spectrum.c:342:6:AudioSpectrum_TransferCompleteFromISR	0	static
C:/Users/Gary/Desktop/f769/f769/Core/Src/audio_spectrum.c:349:6:AudioSpectrum_ErrorFromISR	0	static
C:/Users/Gary/Desktop/f769/f769/Core/Src/audio_spectrum.c:356:14:Spectrum_PowerDb	8	static
C:/Users/Gary/Desktop/f769/f769/Core/Src/audio_spectrum.c:368:16:Spectrum_GoertzelDb	48	static
C:/Users/Gary/Desktop/f769/f769/Core/Src/audio_spectrum.c:423:13:Spectrum_UpdateTrigger	32	static
C:/Users/Gary/Desktop/f769/f769/Core/Src/audio_spectrum.c:488:13:Spectrum_ResetTriggerDetector	8	static
C:/Users/Gary/Desktop/f769/f769/Core/Src/audio_spectrum.c:501:16:Spectrum_AppendFftChunk	16	static
C:/Users/Gary/Desktop/f769/f769/Core/Src/audio_spectrum.c:512:13:Spectrum_ProcessFft	56	static
C:/Users/Gary/Desktop/f769/f769/Core/Src/audio_spectrum.c:583:6:AudioSpectrum_TriggerTask	1080	static
C:/Users/Gary/Desktop/f769/f769/Core/Src/audio_spectrum.c:639:13:Spectrum_StopHardware	8	static
C:/Users/Gary/Desktop/f769/f769/Core/Src/audio_spectrum.c:646:6:AudioSpectrum_Task	1296	static
