C:/Users/Gary/Desktop/f769/f769/Core/Src/audio_player.c:102:17:Player_ReadLe16	16	static
C:/Users/Gary/Desktop/f769/f769/Core/Src/audio_player.c:107:17:Player_ReadLe32	16	static
C:/Users/Gary/Desktop/f769/f769/Core/Src/audio_player.c:113:16:Player_ReadLe24Signed	24	static
C:/Users/Gary/Desktop/f769/f769/Core/Src/audio_player.c:124:13:Player_Publish	24	static
C:/Users/Gary/Desktop/f769/f769/Core/Src/audio_player.c:132:13:Player_UpdatePosition	40	static
C:/Users/Gary/Desktop/f769/f769/Core/Src/audio_player.c:148:6:AudioPlayer_GetSnapshot	24	static
C:/Users/Gary/Desktop/f769/f769/Core/Src/audio_player.c:159:9:AudioPlayer_IsBusy	4	static
C:/Users/Gary/Desktop/f769/f769/Core/Src/audio_player.c:164:6:AudioPlayer_CreateResources	8	static
C:/Users/Gary/Desktop/f769/f769/Core/Src/audio_player.c:174:13:Player_SendCommand	16	static
C:/Users/Gary/Desktop/f769/f769/Core/Src/audio_player.c:190:6:AudioPlayer_RequestPlay	40	static
C:/Users/Gary/Desktop/f769/f769/Core/Src/audio_player.c:202:6:AudioPlayer_RequestTogglePause	32	static
C:/Users/Gary/Desktop/f769/f769/Core/Src/audio_player.c:209:6:AudioPlayer_RequestSeek	40	static
C:/Users/Gary/Desktop/f769/f769/Core/Src/audio_player.c:217:6:AudioPlayer_RequestVolume	40	static
C:/Users/Gary/Desktop/f769/f769/Core/Src/audio_player.c:225:6:AudioPlayer_RequestStop	32	static
C:/Users/Gary/Desktop/f769/f769/Core/Src/audio_player.c:232:16:Player_ReadExact	32	static
C:/Users/Gary/Desktop/f769/f769/Core/Src/audio_player.c:240:16:Player_IsSupportedRate	16	static
C:/Users/Gary/Desktop/f769/f769/Core/Src/audio_player.c:247:16:Player_ParseWave	96	static
C:/Users/Gary/Desktop/f769/f769/Core/Src/audio_player.c:332:17:Player_FillSpdifUpsampledHalf	136	static,ignoring_inline_asm
C:/Users/Gary/Desktop/f769/f769/Core/Src/audio_player.c:527:17:Player_FillHalf	144	static,ignoring_inline_asm
C:/Users/Gary/Desktop/f769/f769/Core/Src/audio_player.c:642:16:Player_CodecInit	24	static
C:/Users/Gary/Desktop/f769/f769/Core/Src/audio_player.c:757:16:Player_CodecCommand	24	static
C:/Users/Gary/Desktop/f769/f769/Core/Src/audio_player.c:805:16:Player_StartOutput	16	static
C:/Users/Gary/Desktop/f769/f769/Core/Src/audio_player.c:820:13:Player_Close	24	static
C:/Users/Gary/Desktop/f769/f769/Core/Src/audio_player.c:836:6:AudioPlayer_Task	800	static
C:/Users/Gary/Desktop/f769/f769/Core/Src/audio_player.c:1139:6:BSP_AUDIO_OUT_HalfTransfer_CallBack	24	static,ignoring_inline_asm
C:/Users/Gary/Desktop/f769/f769/Core/Src/audio_player.c:1156:6:BSP_AUDIO_OUT_TransferComplete_CallBack	24	static,ignoring_inline_asm
C:/Users/Gary/Desktop/f769/f769/Core/Src/audio_player.c:1173:6:BSP_AUDIO_OUT_Error_CallBack	8	static
