C:/Users/Gary/Desktop/f769/f769/Core/Src/audio_player.c:105:17:Player_ReadLe16	16	static
C:/Users/Gary/Desktop/f769/f769/Core/Src/audio_player.c:110:17:Player_ReadLe32	16	static
C:/Users/Gary/Desktop/f769/f769/Core/Src/audio_player.c:116:16:Player_ReadLe24Signed	24	static
C:/Users/Gary/Desktop/f769/f769/Core/Src/audio_player.c:127:13:Player_Publish	24	static
C:/Users/Gary/Desktop/f769/f769/Core/Src/audio_player.c:135:13:Player_UpdatePosition	40	static
C:/Users/Gary/Desktop/f769/f769/Core/Src/audio_player.c:151:6:AudioPlayer_GetSnapshot	24	static
C:/Users/Gary/Desktop/f769/f769/Core/Src/audio_player.c:162:9:AudioPlayer_IsBusy	4	static
C:/Users/Gary/Desktop/f769/f769/Core/Src/audio_player.c:167:6:AudioPlayer_CreateResources	8	static
C:/Users/Gary/Desktop/f769/f769/Core/Src/audio_player.c:177:13:Player_SendCommand	16	static
C:/Users/Gary/Desktop/f769/f769/Core/Src/audio_player.c:193:6:AudioPlayer_RequestPlay	40	static
C:/Users/Gary/Desktop/f769/f769/Core/Src/audio_player.c:205:6:AudioPlayer_RequestTogglePause	32	static
C:/Users/Gary/Desktop/f769/f769/Core/Src/audio_player.c:212:6:AudioPlayer_RequestSeek	40	static
C:/Users/Gary/Desktop/f769/f769/Core/Src/audio_player.c:220:6:AudioPlayer_RequestVolume	40	static
C:/Users/Gary/Desktop/f769/f769/Core/Src/audio_player.c:228:6:AudioPlayer_RequestStop	32	static
C:/Users/Gary/Desktop/f769/f769/Core/Src/audio_player.c:235:16:Player_ReadExact	32	static
C:/Users/Gary/Desktop/f769/f769/Core/Src/audio_player.c:243:16:Player_IsSupportedRate	16	static
C:/Users/Gary/Desktop/f769/f769/Core/Src/audio_player.c:250:16:Player_ParseWave	96	static
C:/Users/Gary/Desktop/f769/f769/Core/Src/audio_player.c:335:17:Player_FillSpdifUpsampledHalf	136	static,ignoring_inline_asm
C:/Users/Gary/Desktop/f769/f769/Core/Src/audio_player.c:542:17:Player_FillHalf	144	static,ignoring_inline_asm
C:/Users/Gary/Desktop/f769/f769/Core/Src/audio_player.c:657:16:Player_CodecInit	24	static
C:/Users/Gary/Desktop/f769/f769/Core/Src/audio_player.c:789:16:Player_CodecCommand	24	static
C:/Users/Gary/Desktop/f769/f769/Core/Src/audio_player.c:837:16:Player_StartOutput	16	static
C:/Users/Gary/Desktop/f769/f769/Core/Src/audio_player.c:852:13:Player_Close	24	static
C:/Users/Gary/Desktop/f769/f769/Core/Src/audio_player.c:868:6:AudioPlayer_Task	800	static
C:/Users/Gary/Desktop/f769/f769/Core/Src/audio_player.c:1171:6:BSP_AUDIO_OUT_HalfTransfer_CallBack	24	static,ignoring_inline_asm
C:/Users/Gary/Desktop/f769/f769/Core/Src/audio_player.c:1188:6:BSP_AUDIO_OUT_TransferComplete_CallBack	24	static,ignoring_inline_asm
C:/Users/Gary/Desktop/f769/f769/Core/Src/audio_player.c:1205:6:BSP_AUDIO_OUT_Error_CallBack	8	static
