C:/Users/Gary/Desktop/f769/f769/Core/Src/stm32f7xx_it.c:86:6:NMI_Handler	4	static
C:/Users/Gary/Desktop/f769/f769/Core/Src/stm32f7xx_it.c:101:6:HardFault_Handler	4	static
C:/Users/Gary/Desktop/f769/f769/Core/Src/stm32f7xx_it.c:116:6:MemManage_Handler	4	static
C:/Users/Gary/Desktop/f769/f769/Core/Src/stm32f7xx_it.c:131:6:BusFault_Handler	4	static
C:/Users/Gary/Desktop/f769/f769/Core/Src/stm32f7xx_it.c:146:6:UsageFault_Handler	4	static
C:/Users/Gary/Desktop/f769/f769/Core/Src/stm32f7xx_it.c:161:6:DebugMon_Handler	4	static
C:/Users/Gary/Desktop/f769/f769/Core/Src/stm32f7xx_it.c:181:6:TIM6_DAC_IRQHandler	8	static
C:/Users/Gary/Desktop/f769/f769/Core/Src/stm32f7xx_it.c:195:6:OTG_HS_IRQHandler	8	static
C:/Users/Gary/Desktop/f769/f769/Core/Src/stm32f7xx_it.c:209:6:LTDC_IRQHandler	8	static
C:/Users/Gary/Desktop/f769/f769/Core/Src/stm32f7xx_it.c:223:6:DMA2D_IRQHandler	8	static
C:/Users/Gary/Desktop/f769/f769/Core/Src/stm32f7xx_it.c:237:6:DMA2_Stream0_IRQHandler	8	static
C:/Users/Gary/Desktop/f769/f769/Core/Src/stm32f7xx_it.c:249:6:DMA2_Stream1_IRQHandler	8	static
C:/Users/Gary/Desktop/f769/f769/Core/Src/stm32f7xx_it.c:254:6:DMA2_Stream4_IRQHandler	8	static
C:/Users/Gary/Desktop/f769/f769/Core/Src/stm32f7xx_it.c:259:6:DMA2_Stream5_IRQHandler	8	static
C:/Users/Gary/Desktop/f769/f769/Core/Src/stm32f7xx_it.c:271:6:SDMMC2_IRQHandler	8	static
C:/Users/Gary/Desktop/f769/f769/Core/Src/stm32f7xx_it.c:276:6:DMA2_Stream6_IRQHandler	8	static
C:/Users/Gary/Desktop/f769/f769/Core/Src/stm32f7xx_it.c:281:6:DMA2_Stream7_IRQHandler	8	static
C:/Users/Gary/Desktop/f769/f769/Core/Src/stm32f7xx_it.c:289:6:RTC_WKUP_IRQHandler	8	static
C:/Users/Gary/Desktop/f769/f769/Core/Src/stm32f7xx_it.c:297:6:CEC_IRQHandler	8	static
C:/Users/Gary/Desktop/f769/f769/Core/Src/stm32f7xx_it.c:311:6:DSI_IRQHandler	8	static
C:/Users/Gary/Desktop/f769/f769/Core/Src/stm32f7xx_it.c:325:6:I2C4_EV_IRQHandler	8	static
C:/Users/Gary/Desktop/f769/f769/Core/Src/stm32f7xx_it.c:333:6:I2C4_ER_IRQHandler	8	static
C:/Users/Gary/Desktop/f769/f769/Core/Src/stm32f7xx_it.c:341:6:EXTI0_IRQHandler	8	static
C:/Users/Gary/Desktop/f769/f769/Core/Src/stm32f7xx_it.c:349:6:EXTI15_10_IRQHandler	8	static
