C:/Users/Gary/Desktop/f769/f769/Core/Src/touch.c:59:26:Touch_Read	40	static
C:/Users/Gary/Desktop/f769/f769/Core/Src/touch.c:73:26:Touch_Write	40	static
C:/Users/Gary/Desktop/f769/f769/Core/Src/touch.c:87:13:Touch_WakeTaskFromISR	16	static,ignoring_inline_asm
C:/Users/Gary/Desktop/f769/f769/Core/Src/touch.c:98:13:Touch_SetReleased	16	static,ignoring_inline_asm
C:/Users/Gary/Desktop/f769/f769/Core/Src/touch.c:111:13:Touch_ProcessSample	48	static,ignoring_inline_asm
C:/Users/Gary/Desktop/f769/f769/Core/Src/touch.c:173:19:Touch_Init	16	static
C:/Users/Gary/Desktop/f769/f769/Core/Src/touch.c:215:9:Touch_GetPoint	32	static,ignoring_inline_asm
C:/Users/Gary/Desktop/f769/f769/Core/Src/touch.c:251:9:Touch_I2C_Reserve	24	static
C:/Users/Gary/Desktop/f769/f769/Core/Src/touch.c:286:6:Touch_I2C_Release	8	static,ignoring_inline_asm
C:/Users/Gary/Desktop/f769/f769/Core/Src/touch.c:296:6:Touch_Task	48	static
C:/Users/Gary/Desktop/f769/f769/Core/Src/touch.c:414:6:HAL_I2C_MemRxCpltCallback	16	static,ignoring_inline_asm
C:/Users/Gary/Desktop/f769/f769/Core/Src/touch.c:427:6:HAL_I2C_ErrorCallback	16	static
C:/Users/Gary/Desktop/f769/f769/Core/Src/touch.c:440:6:HAL_I2C_AbortCpltCallback	16	static
C:/Users/Gary/Desktop/f769/f769/Core/Src/touch.c:452:6:HAL_GPIO_EXTI_Callback	16	static
