C:/Users/Gary/Desktop/f769/f769/Core/Src/usb_audio.c:137:17:USB_Audio_NormalizeStartFrames	16	static
C:/Users/Gary/Desktop/f769/f769/Core/Src/usb_audio.c:150:17:USB_Audio_FeedbackTargetFrames	16	static
C:/Users/Gary/Desktop/f769/f769/Core/Src/usb_audio.c:159:13:USB_Audio_Publish	16	static
C:/Users/Gary/Desktop/f769/f769/Core/Src/usb_audio.c:215:6:USB_Audio_CreateResources	24	static
C:/Users/Gary/Desktop/f769/f769/Core/Src/usb_audio.c:306:6:USB_Audio_GetSnapshot	24	static
C:/Users/Gary/Desktop/f769/f769/Core/Src/usb_audio.c:314:6:USB_Audio_RequestEnable	16	static
C:/Users/Gary/Desktop/f769/f769/Core/Src/usb_audio.c:322:6:USB_Audio_RequestVolume	24	static
C:/Users/Gary/Desktop/f769/f769/Core/Src/usb_audio.c:335:6:USB_Audio_RequestOutput	24	static
C:/Users/Gary/Desktop/f769/f769/Core/Src/usb_audio.c:351:17:USB_Audio_GetOutput	4	static
C:/Users/Gary/Desktop/f769/f769/Core/Src/usb_audio.c:356:6:USB_Audio_RequestHostMode	24	static
C:/Users/Gary/Desktop/f769/f769/Core/Src/usb_audio.c:375:19:USB_Audio_GetHostMode	4	static
C:/Users/Gary/Desktop/f769/f769/Core/Src/usb_audio.c:380:6:USB_Audio_RequestSpdifMode	24	static
C:/Users/Gary/Desktop/f769/f769/Core/Src/usb_audio.c:428:20:USB_Audio_GetSpdifMode	4	static
C:/Users/Gary/Desktop/f769/f769/Core/Src/usb_audio.c:433:6:USB_Audio_RequestStartFrames	24	static
C:/Users/Gary/Desktop/f769/f769/Core/Src/usb_audio.c:460:10:USB_Audio_GetStartFrames	4	static
C:/Users/Gary/Desktop/f769/f769/Core/Src/usb_audio.c:465:9:USB_Audio_EnableRequested	4	static
C:/Users/Gary/Desktop/f769/f769/Core/Src/usb_audio.c:470:9:USB_Audio_IsActive	4	static
C:/Users/Gary/Desktop/f769/f769/Core/Src/usb_audio.c:475:9:USB_Audio_ClaimsCodec	4	static
C:/Users/Gary/Desktop/f769/f769/Core/Src/usb_audio.c:480:6:USB_Audio_SetDeviceState	24	static
C:/Users/Gary/Desktop/f769/f769/Core/Src/usb_audio.c:490:13:USB_Audio_ResetStream	8	static
C:/Users/Gary/Desktop/f769/f769/Core/Src/usb_audio.c:509:13:USB_Audio_StopPreparedHardware	8	static
C:/Users/Gary/Desktop/f769/f769/Core/Src/usb_audio.c:527:16:USB_Audio_ConfigureHardware	24	static
C:/Users/Gary/Desktop/f769/f769/Core/Src/usb_audio.c:631:9:USB_Audio_PrepareHardware	16	static
C:/Users/Gary/Desktop/f769/f769/Core/Src/usb_audio.c:649:6:USB_Audio_ReleaseHardware	16	static
C:/Users/Gary/Desktop/f769/f769/Core/Src/usb_audio.c:658:17:USB_Audio_FillDmaHalf	136	static,ignoring_inline_asm
C:/Users/Gary/Desktop/f769/f769/Core/Src/usb_audio.c:860:16:USB_Audio_StopForRebuffer	16	static
C:/Users/Gary/Desktop/f769/f769/Core/Src/usb_audio.c:891:13:USB_Audio_ReceivePacket	72	static,ignoring_inline_asm
C:/Users/Gary/Desktop/f769/f769/Core/Src/usb_audio.c:937:9:USB_Audio_DmaIsRunning	4	static
C:/Users/Gary/Desktop/f769/f769/Core/Src/usb_audio.c:942:13:USB_Audio_NotifyDma	32	static,ignoring_inline_asm
C:/Users/Gary/Desktop/f769/f769/Core/Src/usb_audio.c:952:6:USB_Audio_DmaHalfCallback	8	static
C:/Users/Gary/Desktop/f769/f769/Core/Src/usb_audio.c:957:6:USB_Audio_DmaFullCallback	8	static
C:/Users/Gary/Desktop/f769/f769/Core/Src/usb_audio.c:962:6:USB_Audio_DmaErrorCallback	8	static
C:/Users/Gary/Desktop/f769/f769/Core/Src/usb_audio.c:967:6:USB_Audio_Task	56	static
C:/Users/Gary/Desktop/f769/f769/Core/Src/usb_audio.c:1133:15:USB_Audio_InterfaceInit	24	static
C:/Users/Gary/Desktop/f769/f769/Core/Src/usb_audio.c:1145:15:USB_Audio_InterfaceDeInit	16	static
C:/Users/Gary/Desktop/f769/f769/Core/Src/usb_audio.c:1151:15:USB_Audio_InterfaceCommand	24	static
C:/Users/Gary/Desktop/f769/f769/Core/Src/usb_audio.c:1158:15:USB_Audio_InterfaceVolume	16	static
C:/Users/Gary/Desktop/f769/f769/Core/Src/usb_audio.c:1164:15:USB_Audio_InterfaceMute	32	static,ignoring_inline_asm
C:/Users/Gary/Desktop/f769/f769/Core/Src/usb_audio.c:1177:15:USB_Audio_InterfaceFrequency	24	static
C:/Users/Gary/Desktop/f769/f769/Core/Src/usb_audio.c:1201:15:USB_Audio_InterfacePeriodic	24	static
C:/Users/Gary/Desktop/f769/f769/Core/Src/usb_audio.c:1208:15:USB_Audio_InterfaceGetState	4	static
C:/Users/Gary/Desktop/f769/f769/Core/Src/usb_audio.c:1213:17:USB_Audio_InterfaceGetFeedback	192	static
