C:/Users/Gary/Desktop/f769/f769/Core/Src/usb_audio.c:135:17:USB_Audio_NormalizeStartFrames	16	static
C:/Users/Gary/Desktop/f769/f769/Core/Src/usb_audio.c:148:17:USB_Audio_FeedbackTargetFrames	16	static
C:/Users/Gary/Desktop/f769/f769/Core/Src/usb_audio.c:157:13:USB_Audio_Publish	16	static
C:/Users/Gary/Desktop/f769/f769/Core/Src/usb_audio.c:213:6:USB_Audio_CreateResources	24	static
C:/Users/Gary/Desktop/f769/f769/Core/Src/usb_audio.c:284:6:USB_Audio_GetSnapshot	24	static
C:/Users/Gary/Desktop/f769/f769/Core/Src/usb_audio.c:292:6:USB_Audio_RequestEnable	16	static
C:/Users/Gary/Desktop/f769/f769/Core/Src/usb_audio.c:300:6:USB_Audio_RequestVolume	24	static
C:/Users/Gary/Desktop/f769/f769/Core/Src/usb_audio.c:313:6:USB_Audio_RequestOutput	24	static
C:/Users/Gary/Desktop/f769/f769/Core/Src/usb_audio.c:329:17:USB_Audio_GetOutput	4	static
C:/Users/Gary/Desktop/f769/f769/Core/Src/usb_audio.c:334:6:USB_Audio_RequestHostMode	24	static
C:/Users/Gary/Desktop/f769/f769/Core/Src/usb_audio.c:353:19:USB_Audio_GetHostMode	4	static
C:/Users/Gary/Desktop/f769/f769/Core/Src/usb_audio.c:358:6:USB_Audio_RequestSpdifMode	24	static
C:/Users/Gary/Desktop/f769/f769/Core/Src/usb_audio.c:396:20:USB_Audio_GetSpdifMode	4	static
C:/Users/Gary/Desktop/f769/f769/Core/Src/usb_audio.c:401:6:USB_Audio_RequestStartFrames	24	static
C:/Users/Gary/Desktop/f769/f769/Core/Src/usb_audio.c:428:10:USB_Audio_GetStartFrames	4	static
C:/Users/Gary/Desktop/f769/f769/Core/Src/usb_audio.c:433:9:USB_Audio_EnableRequested	4	static
C:/Users/Gary/Desktop/f769/f769/Core/Src/usb_audio.c:438:9:USB_Audio_IsActive	4	static
C:/Users/Gary/Desktop/f769/f769/Core/Src/usb_audio.c:443:9:USB_Audio_ClaimsCodec	4	static
C:/Users/Gary/Desktop/f769/f769/Core/Src/usb_audio.c:448:6:USB_Audio_SetDeviceState	24	static
C:/Users/Gary/Desktop/f769/f769/Core/Src/usb_audio.c:458:13:USB_Audio_ResetStream	8	static
C:/Users/Gary/Desktop/f769/f769/Core/Src/usb_audio.c:477:13:USB_Audio_StopPreparedHardware	8	static
C:/Users/Gary/Desktop/f769/f769/Core/Src/usb_audio.c:495:16:USB_Audio_ConfigureHardware	24	static
C:/Users/Gary/Desktop/f769/f769/Core/Src/usb_audio.c:569:9:USB_Audio_PrepareHardware	16	static
C:/Users/Gary/Desktop/f769/f769/Core/Src/usb_audio.c:587:6:USB_Audio_ReleaseHardware	16	static
C:/Users/Gary/Desktop/f769/f769/Core/Src/usb_audio.c:596:17:USB_Audio_FillDmaHalf	136	static,ignoring_inline_asm
C:/Users/Gary/Desktop/f769/f769/Core/Src/usb_audio.c:779:16:USB_Audio_StopForRebuffer	16	static
C:/Users/Gary/Desktop/f769/f769/Core/Src/usb_audio.c:810:13:USB_Audio_ReceivePacket	72	static,ignoring_inline_asm
C:/Users/Gary/Desktop/f769/f769/Core/Src/usb_audio.c:856:9:USB_Audio_DmaIsRunning	4	static
C:/Users/Gary/Desktop/f769/f769/Core/Src/usb_audio.c:861:13:USB_Audio_NotifyDma	32	static,ignoring_inline_asm
C:/Users/Gary/Desktop/f769/f769/Core/Src/usb_audio.c:871:6:USB_Audio_DmaHalfCallback	8	static
C:/Users/Gary/Desktop/f769/f769/Core/Src/usb_audio.c:876:6:USB_Audio_DmaFullCallback	8	static
C:/Users/Gary/Desktop/f769/f769/Core/Src/usb_audio.c:881:6:USB_Audio_DmaErrorCallback	8	static
C:/Users/Gary/Desktop/f769/f769/Core/Src/usb_audio.c:886:6:USB_Audio_Task	56	static
C:/Users/Gary/Desktop/f769/f769/Core/Src/usb_audio.c:1052:15:USB_Audio_InterfaceInit	24	static
C:/Users/Gary/Desktop/f769/f769/Core/Src/usb_audio.c:1064:15:USB_Audio_InterfaceDeInit	16	static
C:/Users/Gary/Desktop/f769/f769/Core/Src/usb_audio.c:1070:15:USB_Audio_InterfaceCommand	24	static
C:/Users/Gary/Desktop/f769/f769/Core/Src/usb_audio.c:1077:15:USB_Audio_InterfaceVolume	16	static
C:/Users/Gary/Desktop/f769/f769/Core/Src/usb_audio.c:1083:15:USB_Audio_InterfaceMute	32	static,ignoring_inline_asm
C:/Users/Gary/Desktop/f769/f769/Core/Src/usb_audio.c:1096:15:USB_Audio_InterfaceFrequency	24	static
C:/Users/Gary/Desktop/f769/f769/Core/Src/usb_audio.c:1120:15:USB_Audio_InterfacePeriodic	24	static
C:/Users/Gary/Desktop/f769/f769/Core/Src/usb_audio.c:1127:15:USB_Audio_InterfaceGetState	4	static
C:/Users/Gary/Desktop/f769/f769/Core/Src/usb_audio.c:1132:17:USB_Audio_InterfaceGetFeedback	192	static
