C:/TouchGFX/4.26.1/touchgfx/framework/include/touchgfx/hal/HAL.hpp:131:18:virtual void touchgfx::HAL::setDisplayOrientation(touchgfx::DisplayOrientation)	0	static
C:/TouchGFX/4.26.1/touchgfx/framework/include/touchgfx/hal/HAL.hpp:242:18:virtual void touchgfx::HAL::submitGPU2D()	0	static
C:/TouchGFX/4.26.1/touchgfx/framework/include/touchgfx/hal/HAL.hpp:717:18:virtual bool touchgfx::HAL::sampleKey(uint8_t&)	0	static
C:/TouchGFX/4.26.1/touchgfx/framework/include/touchgfx/hal/HAL.hpp:790:18:virtual void touchgfx::HAL::setAnimationStorage(void*)	0	static
C:/TouchGFX/4.26.1/touchgfx/framework/include/touchgfx/hal/HAL.hpp:828:18:virtual void touchgfx::HAL::waitForLTDCLines(uint16_t)	0	static
C:/TouchGFX/4.26.1/touchgfx/framework/include/touchgfx/hal/HAL.hpp:972:30:virtual touchgfx::FlashDataReader* touchgfx::HAL::getFlashDataReader() const	0	static
C:/TouchGFX/4.26.1/touchgfx/framework/include/touchgfx/hal/HAL.hpp:1134:18:virtual void touchgfx::HAL::taskDelay(uint16_t)	0	static
C:/TouchGFX/4.26.1/touchgfx/framework/include/touchgfx/hal/HAL.hpp:1161:22:virtual uint16_t touchgfx::HAL::getTFTCurrentLine()	0	static
C:/TouchGFX/4.26.1/touchgfx/framework/include/touchgfx/hal/HAL.hpp:1172:21:virtual touchgfx::DMAType touchgfx::HAL::getDMAType()	0	static
C:/TouchGFX/4.26.1/touchgfx/framework/include/touchgfx/hal/HAL.hpp:1319:18:virtual void touchgfx::HAL::partialLTDCDeadlineMissed()	0	static
C:/TouchGFX/4.26.1/touchgfx/framework/include/touchgfx/hal/HAL.hpp:1417:18:virtual void touchgfx::HAL::InvalidateTextureCache()	0	static
C:/Users/Gary/Desktop/f769/f769/TouchGFX/target/TouchGFXHAL.cpp:271:11:virtual uint16_t* TouchGFXHAL::getTFTFrameBuffer() const	0	static
C:/Users/Gary/Desktop/f769/f769/TouchGFX/target/TouchGFXHAL.hpp:36:7:TouchGFXHAL::~TouchGFXHAL()	0	static
C:/Users/Gary/Desktop/f769/f769/TouchGFX/target/TouchGFXHAL.cpp:249:6:virtual void TouchGFXHAL::initialize()	8	static
C:/Users/Gary/Desktop/f769/f769/TouchGFX/target/TouchGFXHAL.cpp:350:6:virtual void TouchGFXHAL::configureInterrupts()	0	static
C:/Users/Gary/Desktop/f769/f769/TouchGFX/target/TouchGFXHAL.cpp:363:6:virtual void TouchGFXHAL::enableInterrupts()	0	static
C:/Users/Gary/Desktop/f769/f769/TouchGFX/target/TouchGFXHAL.cpp:376:6:virtual void TouchGFXHAL::disableInterrupts()	0	static
C:/Users/Gary/Desktop/f769/f769/TouchGFX/target/TouchGFXHAL.cpp:390:6:virtual void TouchGFXHAL::enableLCDControllerInterrupt()	0	static
C:/TouchGFX/4.26.1/touchgfx/framework/include/touchgfx/hal/HAL.hpp:685:18:virtual void touchgfx::HAL::backPorchExited()	8	static
C:/Users/Gary/Desktop/f769/f769/TouchGFX/target/TouchGFXHAL.hpp:108:18:virtual void TouchGFXHAL::flushFrameBuffer()	0	static
C:/Users/Gary/Desktop/f769/f769/TouchGFX/target/TouchGFXHAL.hpp:36:7:virtual TouchGFXHAL::~TouchGFXHAL()	8	static
C:/TouchGFX/4.26.1/touchgfx/framework/include/touchgfx/hal/HAL.hpp:1370:18:virtual void touchgfx::HAL::performDisplayOrientationChange()	8	static
C:/Users/Gary/Desktop/f769/f769/TouchGFX/target/TouchGFXHAL.cpp:286:6:virtual void TouchGFXHAL::setTFTFrameBuffer(uint16_t*)	0	static,ignoring_inline_asm
C:/TouchGFX/4.26.1/touchgfx/framework/include/touchgfx/hal/HAL.hpp:163:18:virtual void touchgfx::HAL::setFrameBufferSize(uint16_t, uint16_t)	8	static
C:/Users/Gary/Desktop/f769/f769/TouchGFX/target/TouchGFXHAL.cpp:408:6:virtual bool TouchGFXHAL::beginFrame()	8	static
C:/TouchGFX/4.26.1/touchgfx/framework/include/touchgfx/hal/HAL.hpp:767:18:virtual void touchgfx::HAL::setFrameBufferStartAddresses(void*, void*, void*)	24	static
C:/TouchGFX/4.26.1/touchgfx/framework/include/touchgfx/hal/HAL.hpp:358:28:virtual touchgfx::BlitOperations touchgfx::HAL::getBlitCaps()	0	static
C:/Users/Gary/Desktop/f769/f769/TouchGFX/target/TouchGFXHAL.cpp:155:6:bool {anonymous}::copyDirtyRegion(uint32_t, uint32_t, const DirtyRegion&)	32	static
C:/Users/Gary/Desktop/f769/f769/TouchGFX/target/TouchGFXHAL.cpp:172:6:void {anonymous}::synchronizeBackBuffer(const DirtyRegion*)	80	static
C:/Users/Gary/Desktop/f769/f769/TouchGFX/target/TouchGFXHAL.cpp:119:6:void {anonymous}::addDirtyRegion(DirtyRegion*, uint8_t&, DirtyRegion)	56	static
C:/Users/Gary/Desktop/f769/f769/TouchGFX/target/TouchGFXHAL.cpp:422:6:virtual void TouchGFXHAL::endFrame()	24	static
C:/Users/Gary/Desktop/f769/f769/TouchGFX/target/TouchGFXHAL.cpp:319:6:virtual void TouchGFXHAL::flushFrameBuffer(const touchgfx::Rect&)	24	static
C:/Users/Gary/Desktop/f769/f769/TouchGFX/target/TouchGFXHAL.cpp:442:17:void HAL_LTDC_LineEventCallback(LTDC_HandleTypeDef*)	16	static
C:/Users/Gary/Desktop/f769/f769/TouchGFX/target/TouchGFXHAL.cpp:473:17:void TouchGFX_WaitForDisplayRefresh()	0	static
C:/Users/Gary/Desktop/f769/f769/TouchGFX/target/TouchGFXHAL.cpp:340:6:virtual bool TouchGFXHAL::blockCopy(void*, const void*, uint32_t)	24	static
C:/Users/Gary/Desktop/f769/f769/TouchGFX/target/TouchGFXHAL.cpp:480:17:void TouchGFX_BeginFullScreenRedraw()	0	static
C:/Users/Gary/Desktop/f769/f769/TouchGFX/target/TouchGFXHAL.cpp:493:21:uint32_t TouchGFX_GetClientFrameBuffer()	0	static
C:/Users/Gary/Desktop/f769/f769/TouchGFX/target/TouchGFXHAL.cpp:499:17:void HAL_LTDC_ErrorCallback(LTDC_HandleTypeDef*)	0	static
