C:/TouchGFX/4.26.1/touchgfx/framework/include/touchgfx/hal/HAL.hpp:108:13:touchgfx::HAL::~HAL()	16	static
C:/TouchGFX/4.26.1/touchgfx/framework/include/touchgfx/hal/HAL.hpp:108:13:virtual touchgfx::HAL::~HAL()	16	static
C:/TouchGFX/4.26.1/touchgfx/framework/include/touchgfx/hal/HAL.hpp:117:17:static touchgfx::HAL* touchgfx::HAL::getInstance()	4	static
C:/TouchGFX/4.26.1/touchgfx/framework/include/touchgfx/hal/HAL.hpp:131:18:virtual void touchgfx::HAL::setDisplayOrientation(touchgfx::DisplayOrientation)	16	static
C:/TouchGFX/4.26.1/touchgfx/framework/include/touchgfx/hal/HAL.hpp:163:18:virtual void touchgfx::HAL::setFrameBufferSize(uint16_t, uint16_t)	16	static
C:/TouchGFX/4.26.1/touchgfx/framework/include/touchgfx/hal/HAL.hpp:216:10:void touchgfx::HAL::frontPorchEntered()	16	static
C:/TouchGFX/4.26.1/touchgfx/framework/include/touchgfx/hal/HAL.hpp:242:18:virtual void touchgfx::HAL::submitGPU2D()	16	static
C:/TouchGFX/4.26.1/touchgfx/framework/include/touchgfx/hal/HAL.hpp:332:10:void touchgfx::HAL::lockDMAToFrontPorch(bool)	16	static
C:/TouchGFX/4.26.1/touchgfx/framework/include/touchgfx/hal/HAL.hpp:358:28:virtual touchgfx::BlitOperations touchgfx::HAL::getBlitCaps()	16	static
C:/TouchGFX/4.26.1/touchgfx/framework/include/touchgfx/hal/HAL.hpp:666:10:void touchgfx::HAL::vSync()	16	static
C:/TouchGFX/4.26.1/touchgfx/framework/include/touchgfx/hal/HAL.hpp:685:18:virtual void touchgfx::HAL::backPorchExited()	16	static
C:/TouchGFX/4.26.1/touchgfx/framework/include/touchgfx/hal/HAL.hpp:717:18:virtual bool touchgfx::HAL::sampleKey(uint8_t&)	16	static
C:/TouchGFX/4.26.1/touchgfx/framework/include/touchgfx/hal/HAL.hpp:767:18:virtual void touchgfx::HAL::setFrameBufferStartAddresses(void*, void*, void*)	32	static
C:/TouchGFX/4.26.1/touchgfx/framework/include/touchgfx/hal/HAL.hpp:790:18:virtual void touchgfx::HAL::setAnimationStorage(void*)	16	static
C:/TouchGFX/4.26.1/touchgfx/framework/include/touchgfx/hal/HAL.hpp:828:18:virtual void touchgfx::HAL::waitForLTDCLines(uint16_t)	16	static
C:/TouchGFX/4.26.1/touchgfx/framework/include/touchgfx/hal/HAL.hpp:972:30:virtual touchgfx::FlashDataReader* touchgfx::HAL::getFlashDataReader() const	16	static
C:/TouchGFX/4.26.1/touchgfx/framework/include/touchgfx/hal/HAL.hpp:1134:18:virtual void touchgfx::HAL::taskDelay(uint16_t)	16	static
C:/TouchGFX/4.26.1/touchgfx/framework/include/touchgfx/hal/HAL.hpp:1161:22:virtual uint16_t touchgfx::HAL::getTFTCurrentLine()	16	static
C:/TouchGFX/4.26.1/touchgfx/framework/include/touchgfx/hal/HAL.hpp:1172:21:virtual touchgfx::DMAType touchgfx::HAL::getDMAType()	16	static
C:/TouchGFX/4.26.1/touchgfx/framework/include/touchgfx/hal/HAL.hpp:1319:18:virtual void touchgfx::HAL::partialLTDCDeadlineMissed()	16	static
C:/TouchGFX/4.26.1/touchgfx/framework/include/touchgfx/hal/HAL.hpp:1349:15:uint16_t* touchgfx::HAL::getClientFrameBuffer()	16	static
C:/TouchGFX/4.26.1/touchgfx/framework/include/touchgfx/hal/HAL.hpp:1370:18:virtual void touchgfx::HAL::performDisplayOrientationChange()	24	static
C:/TouchGFX/4.26.1/touchgfx/framework/include/touchgfx/hal/HAL.hpp:1417:18:virtual void touchgfx::HAL::InvalidateTextureCache()	16	static
C:/Users/Gary/Desktop/f769/f769/TouchGFX/target/generated/TouchGFXGeneratedHAL.hpp:106:18:virtual void TouchGFXGeneratedHAL::flushFrameBuffer()	16	static
C:/Users/Gary/Desktop/f769/f769/TouchGFX/target/generated/TouchGFXGeneratedHAL.hpp:30:7:TouchGFXGeneratedHAL::~TouchGFXGeneratedHAL()	16	static
C:/Users/Gary/Desktop/f769/f769/TouchGFX/target/generated/TouchGFXGeneratedHAL.hpp:30:7:virtual TouchGFXGeneratedHAL::~TouchGFXGeneratedHAL()	16	static
C:/Users/Gary/Desktop/f769/f769/TouchGFX/target/TouchGFXHAL.hpp:108:18:virtual void TouchGFXHAL::flushFrameBuffer()	16	static
C:/Users/Gary/Desktop/f769/f769/TouchGFX/target/TouchGFXHAL.cpp:67:6:bool {anonymous}::clipToDisplay(const touchgfx::Rect&, DirtyRegion&)	32	static
C:/Users/Gary/Desktop/f769/f769/TouchGFX/target/TouchGFXHAL.cpp:90:6:bool {anonymous}::regionsTouch(const DirtyRegion&, const DirtyRegion&)	32	static
C:/Users/Gary/Desktop/f769/f769/TouchGFX/target/TouchGFXHAL.cpp:100:13:{anonymous}::DirtyRegion {anonymous}::unionRegion(const DirtyRegion&, const DirtyRegion&)	56	static
C:/Users/Gary/Desktop/f769/f769/TouchGFX/target/TouchGFXHAL.cpp:119:6:void {anonymous}::addDirtyRegion(DirtyRegion*, uint8_t&, DirtyRegion)	40	static
C:/Users/Gary/Desktop/f769/f769/TouchGFX/target/TouchGFXHAL.cpp:155:6:bool {anonymous}::copyDirtyRegion(uint32_t, uint32_t, const DirtyRegion&)	48	static
C:/Users/Gary/Desktop/f769/f769/TouchGFX/target/TouchGFXHAL.cpp:172:6:void {anonymous}::synchronizeBackBuffer(const DirtyRegion*)	96	static
C:/Users/Gary/Desktop/f769/f769/TouchGFX/target/TouchGFXHAL.cpp:249:6:virtual void TouchGFXHAL::initialize()	16	static
C:/Users/Gary/Desktop/f769/f769/TouchGFX/target/TouchGFXHAL.cpp:271:11:virtual uint16_t* TouchGFXHAL::getTFTFrameBuffer() const	16	static
C:/Users/Gary/Desktop/f769/f769/TouchGFX/target/TouchGFXHAL.cpp:286:6:virtual void TouchGFXHAL::setTFTFrameBuffer(uint16_t*)	24	static,ignoring_inline_asm
C:/Users/Gary/Desktop/f769/f769/TouchGFX/target/TouchGFXHAL.cpp:319:6:virtual void TouchGFXHAL::flushFrameBuffer(const touchgfx::Rect&)	24	static
C:/Users/Gary/Desktop/f769/f769/TouchGFX/target/TouchGFXHAL.cpp:340:6:virtual bool TouchGFXHAL::blockCopy(void*, const void*, uint32_t)	24	static
C:/Users/Gary/Desktop/f769/f769/TouchGFX/target/TouchGFXHAL.cpp:350:6:virtual void TouchGFXHAL::configureInterrupts()	16	static
C:/Users/Gary/Desktop/f769/f769/TouchGFX/target/TouchGFXHAL.cpp:363:6:virtual void TouchGFXHAL::enableInterrupts()	16	static
C:/Users/Gary/Desktop/f769/f769/TouchGFX/target/TouchGFXHAL.cpp:376:6:virtual void TouchGFXHAL::disableInterrupts()	16	static
C:/Users/Gary/Desktop/f769/f769/TouchGFX/target/TouchGFXHAL.cpp:390:6:virtual void TouchGFXHAL::enableLCDControllerInterrupt()	16	static
C:/Users/Gary/Desktop/f769/f769/TouchGFX/target/TouchGFXHAL.cpp:408:6:virtual bool TouchGFXHAL::beginFrame()	24	static
C:/Users/Gary/Desktop/f769/f769/TouchGFX/target/TouchGFXHAL.cpp:422:6:virtual void TouchGFXHAL::endFrame()	32	static
C:/Users/Gary/Desktop/f769/f769/TouchGFX/target/TouchGFXHAL.cpp:442:17:void HAL_LTDC_LineEventCallback(LTDC_HandleTypeDef*)	24	static
C:/Users/Gary/Desktop/f769/f769/TouchGFX/target/TouchGFXHAL.cpp:473:17:void TouchGFX_WaitForDisplayRefresh()	8	static
C:/Users/Gary/Desktop/f769/f769/TouchGFX/target/TouchGFXHAL.cpp:480:17:void TouchGFX_BeginFullScreenRedraw()	4	static
C:/Users/Gary/Desktop/f769/f769/TouchGFX/target/TouchGFXHAL.cpp:493:21:uint32_t TouchGFX_GetClientFrameBuffer()	4	static
C:/Users/Gary/Desktop/f769/f769/TouchGFX/target/TouchGFXHAL.cpp:499:17:void HAL_LTDC_ErrorCallback(LTDC_HandleTypeDef*)	16	static
C:/Users/Gary/Desktop/f769/f769/TouchGFX/target/TouchGFXHAL.hpp:36:7:TouchGFXHAL::~TouchGFXHAL()	16	static
C:/Users/Gary/Desktop/f769/f769/TouchGFX/target/TouchGFXHAL.hpp:36:7:virtual TouchGFXHAL::~TouchGFXHAL()	16	static
