C:/Users/Gary/Desktop/f769/f769/Middlewares/ST/STM32_USB_Device_Library/Class/AUDIO/Src/usbd_audio.c:926:17:USBD_AUDIO_GetCfgDesc	0	static
C:/Users/Gary/Desktop/f769/f769/Middlewares/ST/STM32_USB_Device_Library/Class/AUDIO/Src/usbd_audio.c:938:17:USBD_AUDIO_GetOtherSpeedCfgDesc	0	static
C:/Users/Gary/Desktop/f769/f769/Middlewares/ST/STM32_USB_Device_Library/Class/AUDIO/Src/usbd_audio.c:1052:16:USBD_AUDIO_EP0_RxReady	16	static
C:/Users/Gary/Desktop/f769/f769/Middlewares/ST/STM32_USB_Device_Library/Class/AUDIO/Src/usbd_audio.c:1127:16:USBD_AUDIO_EP0_TxReady	0	static
C:/Users/Gary/Desktop/f769/f769/Middlewares/ST/STM32_USB_Device_Library/Class/AUDIO/Src/usbd_audio.c:1258:16:USBD_AUDIO_IsoINIncomplete	0	static
C:/Users/Gary/Desktop/f769/f769/Middlewares/ST/STM32_USB_Device_Library/Class/AUDIO/Src/usbd_audio.c:1543:17:USBD_AUDIO_GetDeviceQualifierDesc	0	static
C:/Users/Gary/Desktop/f769/f769/Middlewares/ST/STM32_USB_Device_Library/Class/AUDIO/Src/usbd_audio.c:1284:16:USBD_AUDIO_IsoOutIncomplete	8	static
C:/Users/Gary/Desktop/f769/f769/Middlewares/ST/STM32_USB_Device_Library/Class/AUDIO/Src/usbd_audio.c:956:16:USBD_AUDIO_DataIn	16	static
C:/Users/Gary/Desktop/f769/f769/Middlewares/ST/STM32_USB_Device_Library/Class/AUDIO/Src/usbd_audio.c:1309:16:USBD_AUDIO_DataOut	16	static
C:/Users/Gary/Desktop/f769/f769/Middlewares/ST/STM32_USB_Device_Library/Class/AUDIO/Src/usbd_audio.c:744:16:USBD_AUDIO_Setup	32	static
C:/Users/Gary/Desktop/f769/f769/Middlewares/ST/STM32_USB_Device_Library/Class/AUDIO/Src/usbd_audio.c:707:16:USBD_AUDIO_DeInit	16	static
C:/Users/Gary/Desktop/f769/f769/Middlewares/ST/STM32_USB_Device_Library/Class/AUDIO/Src/usbd_audio.c:615:16:USBD_AUDIO_Init	24	static
C:/Users/Gary/Desktop/f769/f769/Middlewares/ST/STM32_USB_Device_Library/Class/AUDIO/Src/usbd_audio.c:569:13:USBD_AUDIO2_PatchConfigSpeed.constprop	12	static
C:/Users/Gary/Desktop/f769/f769/Middlewares/ST/STM32_USB_Device_Library/Class/AUDIO/Src/usbd_audio.c:537:13:USBD_AUDIO_PatchConfigSpeed.constprop	16	static
C:/Users/Gary/Desktop/f769/f769/Middlewares/ST/STM32_USB_Device_Library/Class/AUDIO/Src/usbd_audio.c:986:16:USBD_AUDIO_QueueFeedback.isra	16	static
C:/Users/Gary/Desktop/f769/f769/Middlewares/ST/STM32_USB_Device_Library/Class/AUDIO/Src/usbd_audio.c:1140:16:USBD_AUDIO_SOF	16	static
C:/Users/Gary/Desktop/f769/f769/Middlewares/ST/STM32_USB_Device_Library/Class/AUDIO/Src/usbd_audio.c:492:6:USBD_AUDIO_SetProtocol	0	static
C:/Users/Gary/Desktop/f769/f769/Middlewares/ST/STM32_USB_Device_Library/Class/AUDIO/Src/usbd_audio.c:499:28:USBD_AUDIO_GetProtocol	0	static
C:/Users/Gary/Desktop/f769/f769/Middlewares/ST/STM32_USB_Device_Library/Class/AUDIO/Src/usbd_audio.c:504:6:USBD_AUDIO_SetSpeed	8	static
C:/Users/Gary/Desktop/f769/f769/Middlewares/ST/STM32_USB_Device_Library/Class/AUDIO/Src/usbd_audio.c:1189:6:USBD_AUDIO_Sync	16	static
C:/Users/Gary/Desktop/f769/f769/Middlewares/ST/STM32_USB_Device_Library/Class/AUDIO/Src/usbd_audio.c:1561:9:USBD_AUDIO_RegisterInterface	0	static
