C:/Users/Gary/Desktop/f769/f769/TouchGFX/target/STM32TouchController.hpp:38:7:STM32TouchController::~STM32TouchController()	0	static
C:/Users/Gary/Desktop/f769/f769/TouchGFX/target/generated/STM32DMA.hpp:31:7:STM32DMA::~STM32DMA()	0	static
C:/TouchGFX/4.26.1/touchgfx/framework/include/platform/driver/lcd/LCD24bpp.hpp:39:7:touchgfx::LCD24bpp::~LCD24bpp()	0	static
C:/Users/Gary/Desktop/f769/f769/TouchGFX/target/TouchGFXHAL.hpp:36:7:TouchGFXHAL::~TouchGFXHAL()	0	static
C:/TouchGFX/4.26.1/touchgfx/framework/include/common/Partition.hpp:58:22:uint16_t touchgfx::Partition<ListOfTypes, NUMBER_OF_ELEMENTS>::capacity() const [with ListOfTypes = touchgfx::meta::TypeList<touchgfx::NoTransition, touchgfx::meta::Nil>; short unsigned int NUMBER_OF_ELEMENTS = 1]	0	static
C:/TouchGFX/4.26.1/touchgfx/framework/include/common/Partition.hpp:63:22:uint32_t touchgfx::Partition<ListOfTypes, NUMBER_OF_ELEMENTS>::element_size() [with ListOfTypes = touchgfx::meta::TypeList<touchgfx::NoTransition, touchgfx::meta::Nil>; short unsigned int NUMBER_OF_ELEMENTS = 1]	0	static
C:/TouchGFX/4.26.1/touchgfx/framework/include/common/Partition.hpp:69:19:void* touchgfx::Partition<ListOfTypes, NUMBER_OF_ELEMENTS>::element(uint16_t) [with ListOfTypes = touchgfx::meta::TypeList<touchgfx::NoTransition, touchgfx::meta::Nil>; short unsigned int NUMBER_OF_ELEMENTS = 1]	0	static
C:/TouchGFX/4.26.1/touchgfx/framework/include/common/Partition.hpp:74:25:const void* touchgfx::Partition<ListOfTypes, NUMBER_OF_ELEMENTS>::element(uint16_t) const [with ListOfTypes = touchgfx::meta::TypeList<touchgfx::NoTransition, touchgfx::meta::Nil>; short unsigned int NUMBER_OF_ELEMENTS = 1]	0	static
C:/TouchGFX/4.26.1/touchgfx/framework/include/common/Partition.hpp:58:22:uint16_t touchgfx::Partition<ListOfTypes, NUMBER_OF_ELEMENTS>::capacity() const [with ListOfTypes = touchgfx::meta::TypeList<MainView, touchgfx::meta::Nil>; short unsigned int NUMBER_OF_ELEMENTS = 1]	0	static
C:/TouchGFX/4.26.1/touchgfx/framework/include/common/Partition.hpp:63:22:uint32_t touchgfx::Partition<ListOfTypes, NUMBER_OF_ELEMENTS>::element_size() [with ListOfTypes = touchgfx::meta::TypeList<MainView, touchgfx::meta::Nil>; short unsigned int NUMBER_OF_ELEMENTS = 1]	0	static
C:/TouchGFX/4.26.1/touchgfx/framework/include/common/Partition.hpp:69:19:void* touchgfx::Partition<ListOfTypes, NUMBER_OF_ELEMENTS>::element(uint16_t) [with ListOfTypes = touchgfx::meta::TypeList<MainView, touchgfx::meta::Nil>; short unsigned int NUMBER_OF_ELEMENTS = 1]	0	static
C:/TouchGFX/4.26.1/touchgfx/framework/include/common/Partition.hpp:74:25:const void* touchgfx::Partition<ListOfTypes, NUMBER_OF_ELEMENTS>::element(uint16_t) const [with ListOfTypes = touchgfx::meta::TypeList<MainView, touchgfx::meta::Nil>; short unsigned int NUMBER_OF_ELEMENTS = 1]	0	static
C:/TouchGFX/4.26.1/touchgfx/framework/include/common/Partition.hpp:58:22:uint16_t touchgfx::Partition<ListOfTypes, NUMBER_OF_ELEMENTS>::capacity() const [with ListOfTypes = touchgfx::meta::TypeList<MainPresenter, touchgfx::meta::Nil>; short unsigned int NUMBER_OF_ELEMENTS = 1]	0	static
C:/TouchGFX/4.26.1/touchgfx/framework/include/common/Partition.hpp:63:22:uint32_t touchgfx::Partition<ListOfTypes, NUMBER_OF_ELEMENTS>::element_size() [with ListOfTypes = touchgfx::meta::TypeList<MainPresenter, touchgfx::meta::Nil>; short unsigned int NUMBER_OF_ELEMENTS = 1]	0	static
C:/TouchGFX/4.26.1/touchgfx/framework/include/common/Partition.hpp:69:19:void* touchgfx::Partition<ListOfTypes, NUMBER_OF_ELEMENTS>::element(uint16_t) [with ListOfTypes = touchgfx::meta::TypeList<MainPresenter, touchgfx::meta::Nil>; short unsigned int NUMBER_OF_ELEMENTS = 1]	0	static
C:/TouchGFX/4.26.1/touchgfx/framework/include/common/Partition.hpp:74:25:const void* touchgfx::Partition<ListOfTypes, NUMBER_OF_ELEMENTS>::element(uint16_t) const [with ListOfTypes = touchgfx::meta::TypeList<MainPresenter, touchgfx::meta::Nil>; short unsigned int NUMBER_OF_ELEMENTS = 1]	0	static
C:/TouchGFX/4.26.1/touchgfx/framework/include/common/Partition.hpp:42:7:touchgfx::Partition<touchgfx::meta::TypeList<touchgfx::NoTransition, touchgfx::meta::Nil>, 1>::~Partition()	8	static
C:/TouchGFX/4.26.1/touchgfx/framework/include/common/Partition.hpp:42:7:virtual touchgfx::Partition<touchgfx::meta::TypeList<touchgfx::NoTransition, touchgfx::meta::Nil>, 1>::~Partition()	8	static
C:/TouchGFX/4.26.1/touchgfx/framework/include/common/Partition.hpp:42:7:touchgfx::Partition<touchgfx::meta::TypeList<MainView, touchgfx::meta::Nil>, 1>::~Partition()	8	static
C:/TouchGFX/4.26.1/touchgfx/framework/include/common/Partition.hpp:42:7:virtual touchgfx::Partition<touchgfx::meta::TypeList<MainView, touchgfx::meta::Nil>, 1>::~Partition()	8	static
C:/TouchGFX/4.26.1/touchgfx/framework/include/common/Partition.hpp:42:7:touchgfx::Partition<touchgfx::meta::TypeList<MainPresenter, touchgfx::meta::Nil>, 1>::~Partition()	8	static
C:/TouchGFX/4.26.1/touchgfx/framework/include/common/Partition.hpp:42:7:virtual touchgfx::Partition<touchgfx::meta::TypeList<MainPresenter, touchgfx::meta::Nil>, 1>::~Partition()	8	static
C:/Users/Gary/Desktop/f769/f769/TouchGFX/gui/include/gui/common/FrontendHeap.hpp:13:7:FrontendHeap::~FrontendHeap()	8	static
C:/Users/Gary/Desktop/f769/f769/TouchGFX/gui/include/gui/common/FrontendHeap.hpp:13:7:virtual FrontendHeap::~FrontendHeap()	8	static
C:/Users/Gary/Desktop/f769/f769/TouchGFX/target/generated/TouchGFXConfiguration.cpp:36:6:void touchgfx_init()	24	static
C:/Users/Gary/Desktop/f769/f769/TouchGFX/target/generated/TouchGFXConfiguration.cpp:50:6:void touchgfx_components_init()	0	static
C:/Users/Gary/Desktop/f769/f769/TouchGFX/target/generated/TouchGFXConfiguration.cpp:54:6:void touchgfx_taskEntry()	0	static
C:/Users/Gary/Desktop/f769/f769/TouchGFX/target/STM32TouchController.hpp:38:7:virtual STM32TouchController::~STM32TouchController()	8	static
C:/Users/Gary/Desktop/f769/f769/TouchGFX/target/generated/STM32DMA.hpp:31:7:virtual STM32DMA::~STM32DMA()	8	static
C:/TouchGFX/4.26.1/touchgfx/framework/include/platform/driver/lcd/LCD24bpp.hpp:39:7:virtual touchgfx::LCD24bpp::~LCD24bpp()	8	static
C:/Users/Gary/Desktop/f769/f769/TouchGFX/target/TouchGFXHAL.hpp:36:7:virtual TouchGFXHAL::~TouchGFXHAL()	8	static
C:/Users/Gary/Desktop/f769/f769/TouchGFX/target/generated/TouchGFXConfiguration.cpp:63:1:cpp)	16	static
