C:/TouchGFX/4.26.1/touchgfx/framework/include/touchgfx/hal/HAL.hpp:131:18:virtual void touchgfx::HAL::setDisplayOrientation(touchgfx::DisplayOrientation)	0	static
C:/TouchGFX/4.26.1/touchgfx/framework/include/touchgfx/hal/HAL.hpp:242:18:virtual void touchgfx::HAL::submitGPU2D()	0	static
C:/TouchGFX/4.26.1/touchgfx/framework/include/touchgfx/hal/HAL.hpp:717:18:virtual bool touchgfx::HAL::sampleKey(uint8_t&)	0	static
C:/TouchGFX/4.26.1/touchgfx/framework/include/touchgfx/hal/HAL.hpp:790:18:virtual void touchgfx::HAL::setAnimationStorage(void*)	0	static
C:/TouchGFX/4.26.1/touchgfx/framework/include/touchgfx/hal/HAL.hpp:828:18:virtual void touchgfx::HAL::waitForLTDCLines(uint16_t)	0	static
C:/TouchGFX/4.26.1/touchgfx/framework/include/touchgfx/hal/HAL.hpp:972:30:virtual touchgfx::FlashDataReader* touchgfx::HAL::getFlashDataReader() const	0	static
C:/TouchGFX/4.26.1/touchgfx/framework/include/touchgfx/hal/HAL.hpp:1134:18:virtual void touchgfx::HAL::taskDelay(uint16_t)	0	static
C:/TouchGFX/4.26.1/touchgfx/framework/include/touchgfx/hal/HAL.hpp:1161:22:virtual uint16_t touchgfx::HAL::getTFTCurrentLine()	0	static
C:/TouchGFX/4.26.1/touchgfx/framework/include/touchgfx/hal/HAL.hpp:1172:21:virtual touchgfx::DMAType touchgfx::HAL::getDMAType()	0	static
C:/TouchGFX/4.26.1/touchgfx/framework/include/touchgfx/hal/HAL.hpp:1319:18:virtual void touchgfx::HAL::partialLTDCDeadlineMissed()	0	static
C:/TouchGFX/4.26.1/touchgfx/framework/include/touchgfx/hal/HAL.hpp:1417:18:virtual void touchgfx::HAL::InvalidateTextureCache()	0	static
C:/Users/Gary/Desktop/f769/f769/TouchGFX/target/generated/TouchGFXGeneratedHAL.cpp:38:6:virtual void TouchGFXGeneratedHAL::configureInterrupts()	0	static
C:/Users/Gary/Desktop/f769/f769/TouchGFX/target/generated/TouchGFXGeneratedHAL.cpp:71:11:virtual uint16_t* TouchGFXGeneratedHAL::getTFTFrameBuffer() const	0	static
C:/Users/Gary/Desktop/f769/f769/TouchGFX/target/generated/TouchGFXGeneratedHAL.cpp:76:6:virtual void TouchGFXGeneratedHAL::setTFTFrameBuffer(uint16_t*)	0	static
C:/Users/Gary/Desktop/f769/f769/TouchGFX/target/generated/TouchGFXGeneratedHAL.cpp:91:6:virtual void TouchGFXGeneratedHAL::InvalidateCache()	16	static,ignoring_inline_asm
C:/Users/Gary/Desktop/f769/f769/TouchGFX/target/generated/TouchGFXGeneratedHAL.hpp:30:7:TouchGFXGeneratedHAL::~TouchGFXGeneratedHAL()	0	static
C:/Users/Gary/Desktop/f769/f769/TouchGFX/target/generated/TouchGFXGeneratedHAL.cpp:30:6:virtual void TouchGFXGeneratedHAL::initialize()	16	static
C:/Users/Gary/Desktop/f769/f769/TouchGFX/target/generated/TouchGFXGeneratedHAL.cpp:54:6:virtual bool TouchGFXGeneratedHAL::beginFrame()	0	static
C:/Users/Gary/Desktop/f769/f769/TouchGFX/target/generated/TouchGFXGeneratedHAL.cpp:59:6:virtual void TouchGFXGeneratedHAL::endFrame()	0	static
C:/Users/Gary/Desktop/f769/f769/TouchGFX/target/generated/TouchGFXGeneratedHAL.cpp:81:6:virtual void TouchGFXGeneratedHAL::flushFrameBuffer(const touchgfx::Rect&)	0	static
C:/Users/Gary/Desktop/f769/f769/TouchGFX/target/generated/TouchGFXGeneratedHAL.cpp:86:6:virtual bool TouchGFXGeneratedHAL::blockCopy(void*, const void*, uint32_t)	0	static
C:/TouchGFX/4.26.1/touchgfx/framework/include/touchgfx/hal/HAL.hpp:685:18:virtual void touchgfx::HAL::backPorchExited()	8	static
C:/Users/Gary/Desktop/f769/f769/TouchGFX/target/generated/TouchGFXGeneratedHAL.hpp:106:18:virtual void TouchGFXGeneratedHAL::flushFrameBuffer()	0	static
C:/Users/Gary/Desktop/f769/f769/TouchGFX/target/generated/TouchGFXGeneratedHAL.hpp:30:7:virtual TouchGFXGeneratedHAL::~TouchGFXGeneratedHAL()	8	static
C:/TouchGFX/4.26.1/touchgfx/framework/include/touchgfx/hal/HAL.hpp:1370:18:virtual void touchgfx::HAL::performDisplayOrientationChange()	8	static
C:/TouchGFX/4.26.1/touchgfx/framework/include/touchgfx/hal/HAL.hpp:163:18:virtual void touchgfx::HAL::setFrameBufferSize(uint16_t, uint16_t)	8	static
C:/TouchGFX/4.26.1/touchgfx/framework/include/touchgfx/hal/HAL.hpp:767:18:virtual void touchgfx::HAL::setFrameBufferStartAddresses(void*, void*, void*)	24	static
C:/TouchGFX/4.26.1/touchgfx/framework/include/touchgfx/hal/HAL.hpp:358:28:virtual touchgfx::BlitOperations touchgfx::HAL::getBlitCaps()	0	static
C:/TouchGFX/4.26.1/touchgfx/framework/include/touchgfx/hal/PaintImpl.hpp:32:6:void touchgfx::paint::setL8Palette(const uint8_t*)	0	static
C:/TouchGFX/4.26.1/touchgfx/framework/include/touchgfx/hal/PaintImpl.hpp:37:6:void touchgfx::paint::tearDown()	0	static
C:/TouchGFX/4.26.1/touchgfx/framework/include/touchgfx/hal/PaintImpl.hpp:41:6:void touchgfx::paint::flushLine(uint32_t*, int)	0	static
C:/TouchGFX/4.26.1/touchgfx/framework/include/touchgfx/hal/PaintImpl.hpp:45:6:void touchgfx::paint::invalidateTextureCache()	0	static
C:/TouchGFX/4.26.1/touchgfx/framework/include/touchgfx/hal/PaintRGB888Impl.hpp:31:6:void touchgfx::paint::rgb888::lineFromColor(uint8_t*, unsigned int, uint32_t, uint8_t)	20	static
C:/TouchGFX/4.26.1/touchgfx/framework/include/touchgfx/hal/PaintRGB888Impl.hpp:63:6:void touchgfx::paint::rgb888::lineFromRGB888(uint8_t*, const uint8_t*, unsigned int, uint8_t)	20	static
C:/TouchGFX/4.26.1/touchgfx/framework/include/touchgfx/hal/PaintRGB888Impl.hpp:92:6:void touchgfx::paint::rgb888::lineFromARGB8888(uint8_t*, const uint32_t*, unsigned int, uint8_t)	20	static
C:/TouchGFX/4.26.1/touchgfx/framework/include/touchgfx/hal/PaintRGB888Impl.hpp:123:6:void touchgfx::paint::rgb888::lineFromL8RGB888(uint8_t*, const uint8_t*, unsigned int, uint8_t)	20	static
C:/TouchGFX/4.26.1/touchgfx/framework/include/touchgfx/hal/PaintRGB888Impl.hpp:154:6:void touchgfx::paint::rgb888::lineFromL8ARGB8888(uint8_t*, const uint8_t*, unsigned int, uint8_t)	24	static
