C:/Users/Gary/Desktop/f769/f769/Drivers/STM32F7xx_HAL_Driver/Src/stm32f7xx_hal_mmc.c:2512:13:MMC_DMATransmitCplt	0	static
C:/Users/Gary/Desktop/f769/f769/Drivers/STM32F7xx_HAL_Driver/Src/stm32f7xx_hal_mmc.c:2901:17:MMC_ReadExtCSD.constprop	64	static
C:/Users/Gary/Desktop/f769/f769/Drivers/STM32F7xx_HAL_Driver/Src/stm32f7xx_hal_mmc.c:544:13:HAL_MMC_MspInit	0	static
C:/Users/Gary/Desktop/f769/f769/Drivers/STM32F7xx_HAL_Driver/Src/stm32f7xx_hal_mmc.c:559:13:HAL_MMC_MspDeInit	0	static
C:/Users/Gary/Desktop/f769/f769/Drivers/STM32F7xx_HAL_Driver/Src/stm32f7xx_hal_mmc.c:503:19:HAL_MMC_DeInit	8	static
C:/Users/Gary/Desktop/f769/f769/Drivers/STM32F7xx_HAL_Driver/Src/stm32f7xx_hal_mmc.c:600:19:HAL_MMC_ReadBlocks	64	static
C:/Users/Gary/Desktop/f769/f769/Drivers/STM32F7xx_HAL_Driver/Src/stm32f7xx_hal_mmc.c:801:19:HAL_MMC_WriteBlocks	64	static
C:/Users/Gary/Desktop/f769/f769/Drivers/STM32F7xx_HAL_Driver/Src/stm32f7xx_hal_mmc.c:976:19:HAL_MMC_ReadBlocks_IT	40	static
C:/Users/Gary/Desktop/f769/f769/Drivers/STM32F7xx_HAL_Driver/Src/stm32f7xx_hal_mmc.c:1068:19:HAL_MMC_WriteBlocks_IT	40	static
C:/Users/Gary/Desktop/f769/f769/Drivers/STM32F7xx_HAL_Driver/Src/stm32f7xx_hal_mmc.c:1160:19:HAL_MMC_ReadBlocks_DMA	48	static
C:/Users/Gary/Desktop/f769/f769/Drivers/STM32F7xx_HAL_Driver/Src/stm32f7xx_hal_mmc.c:1277:19:HAL_MMC_WriteBlocks_DMA	48	static
C:/Users/Gary/Desktop/f769/f769/Drivers/STM32F7xx_HAL_Driver/Src/stm32f7xx_hal_mmc.c:1392:19:HAL_MMC_Erase	24	static
C:/Users/Gary/Desktop/f769/f769/Drivers/STM32F7xx_HAL_Driver/Src/stm32f7xx_hal_mmc.c:1685:22:HAL_MMC_GetState	0	static
C:/Users/Gary/Desktop/f769/f769/Drivers/STM32F7xx_HAL_Driver/Src/stm32f7xx_hal_mmc.c:1696:10:HAL_MMC_GetError	0	static
C:/Users/Gary/Desktop/f769/f769/Drivers/STM32F7xx_HAL_Driver/Src/stm32f7xx_hal_mmc.c:1706:13:HAL_MMC_TxCpltCallback	0	static
C:/Users/Gary/Desktop/f769/f769/Drivers/STM32F7xx_HAL_Driver/Src/stm32f7xx_hal_mmc.c:1721:13:HAL_MMC_RxCpltCallback	0	static
C:/Users/Gary/Desktop/f769/f769/Drivers/STM32F7xx_HAL_Driver/Src/stm32f7xx_hal_mmc.c:1736:13:HAL_MMC_ErrorCallback	0	static
C:/Users/Gary/Desktop/f769/f769/Drivers/STM32F7xx_HAL_Driver/Src/stm32f7xx_hal_mmc.c:2525:13:MMC_DMAReceiveCplt	8	static
C:/Users/Gary/Desktop/f769/f769/Drivers/STM32F7xx_HAL_Driver/Src/stm32f7xx_hal_mmc.c:1751:13:HAL_MMC_AbortCallback	0	static
C:/Users/Gary/Desktop/f769/f769/Drivers/STM32F7xx_HAL_Driver/Src/stm32f7xx_hal_mmc.c:1962:19:HAL_MMC_GetCardCID	8	static
C:/Users/Gary/Desktop/f769/f769/Drivers/STM32F7xx_HAL_Driver/Src/stm32f7xx_hal_mmc.c:1995:19:HAL_MMC_GetCardCSD	24	static
C:/Users/Gary/Desktop/f769/f769/Drivers/STM32F7xx_HAL_Driver/Src/stm32f7xx_hal_mmc.c:2112:19:HAL_MMC_GetCardInfo	0	static
C:/Users/Gary/Desktop/f769/f769/Drivers/STM32F7xx_HAL_Driver/Src/stm32f7xx_hal_mmc.c:2134:19:HAL_MMC_GetCardExtCSD	56	static
C:/Users/Gary/Desktop/f769/f769/Drivers/STM32F7xx_HAL_Driver/Src/stm32f7xx_hal_mmc.c:429:19:HAL_MMC_InitCard	128	static
C:/Users/Gary/Desktop/f769/f769/Drivers/STM32F7xx_HAL_Driver/Src/stm32f7xx_hal_mmc.c:2252:19:HAL_MMC_ConfigWideBusOperation	64	static
C:/Users/Gary/Desktop/f769/f769/Drivers/STM32F7xx_HAL_Driver/Src/stm32f7xx_hal_mmc.c:352:19:HAL_MMC_Init	8	static
C:/Users/Gary/Desktop/f769/f769/Drivers/STM32F7xx_HAL_Driver/Src/stm32f7xx_hal_mmc.c:2351:26:HAL_MMC_GetCardState	8	static
C:/Users/Gary/Desktop/f769/f769/Drivers/STM32F7xx_HAL_Driver/Src/stm32f7xx_hal_mmc.c:2566:13:MMC_DMAError	8	static
C:/Users/Gary/Desktop/f769/f769/Drivers/STM32F7xx_HAL_Driver/Src/stm32f7xx_hal_mmc.c:2609:13:MMC_DMATxAbort	16	static
C:/Users/Gary/Desktop/f769/f769/Drivers/STM32F7xx_HAL_Driver/Src/stm32f7xx_hal_mmc.c:2654:13:MMC_DMARxAbort	16	static
C:/Users/Gary/Desktop/f769/f769/Drivers/STM32F7xx_HAL_Driver/Src/stm32f7xx_hal_mmc.c:1489:6:HAL_MMC_IRQHandler	32	static
C:/Users/Gary/Desktop/f769/f769/Drivers/STM32F7xx_HAL_Driver/Src/stm32f7xx_hal_mmc.c:2374:19:HAL_MMC_Abort	8	static
C:/Users/Gary/Desktop/f769/f769/Drivers/STM32F7xx_HAL_Driver/Src/stm32f7xx_hal_mmc.c:2431:19:HAL_MMC_Abort_IT	8	static
