C:/Users/Gary/Desktop/f769/f769/Drivers/STM32F7xx_HAL_Driver/Src/stm32f7xx_hal_wwdg.c:229:13:HAL_WWDG_MspInit	0	static
C:/Users/Gary/Desktop/f769/f769/Drivers/STM32F7xx_HAL_Driver/Src/stm32f7xx_hal_wwdg.c:175:19:HAL_WWDG_Init	8	static
C:/Users/Gary/Desktop/f769/f769/Drivers/STM32F7xx_HAL_Driver/Src/stm32f7xx_hal_wwdg.c:342:19:HAL_WWDG_Refresh	0	static
C:/Users/Gary/Desktop/f769/f769/Drivers/STM32F7xx_HAL_Driver/Src/stm32f7xx_hal_wwdg.c:394:13:HAL_WWDG_EarlyWakeupCallback	0	static
C:/Users/Gary/Desktop/f769/f769/Drivers/STM32F7xx_HAL_Driver/Src/stm32f7xx_hal_wwdg.c:365:6:HAL_WWDG_IRQHandler	8	static
