C:/Users/Gary/Desktop/f769/f769/Drivers/BSP/STM32F769I-Discovery/stm32f769i_discovery_audio.c:293:9:BSP_AUDIO_OUT_Init	16	static
C:/Users/Gary/Desktop/f769/f769/Drivers/BSP/STM32F769I-Discovery/stm32f769i_discovery_audio.c:298:9:BSP_AUDIO_OUT_InitEx	40	static
C:/Users/Gary/Desktop/f769/f769/Drivers/BSP/STM32F769I-Discovery/stm32f769i_discovery_audio.c:361:9:BSP_AUDIO_OUT_Play	16	static
C:/Users/Gary/Desktop/f769/f769/Drivers/BSP/STM32F769I-Discovery/stm32f769i_discovery_audio.c:386:6:BSP_AUDIO_OUT_ChangeBuffer	16	static
C:/Users/Gary/Desktop/f769/f769/Drivers/BSP/STM32F769I-Discovery/stm32f769i_discovery_audio.c:399:9:BSP_AUDIO_OUT_Pause	8	static
C:/Users/Gary/Desktop/f769/f769/Drivers/BSP/STM32F769I-Discovery/stm32f769i_discovery_audio.c:423:9:BSP_AUDIO_OUT_Resume	8	static
C:/Users/Gary/Desktop/f769/f769/Drivers/BSP/STM32F769I-Discovery/stm32f769i_discovery_audio.c:449:9:BSP_AUDIO_OUT_Stop	16	static
C:/Users/Gary/Desktop/f769/f769/Drivers/BSP/STM32F769I-Discovery/stm32f769i_discovery_audio.c:477:9:BSP_AUDIO_OUT_SetVolume	16	static
C:/Users/Gary/Desktop/f769/f769/Drivers/BSP/STM32F769I-Discovery/stm32f769i_discovery_audio.c:497:9:BSP_AUDIO_OUT_SetMute	16	static
C:/Users/Gary/Desktop/f769/f769/Drivers/BSP/STM32F769I-Discovery/stm32f769i_discovery_audio.c:518:9:BSP_AUDIO_OUT_SetOutputMode	16	static
C:/Users/Gary/Desktop/f769/f769/Drivers/BSP/STM32F769I-Discovery/stm32f769i_discovery_audio.c:539:6:BSP_AUDIO_OUT_SetFrequency	16	static
C:/Users/Gary/Desktop/f769/f769/Drivers/BSP/STM32F769I-Discovery/stm32f769i_discovery_audio.c:562:6:BSP_AUDIO_OUT_SetAudioFrameSlot	16	static
C:/Users/Gary/Desktop/f769/f769/Drivers/BSP/STM32F769I-Discovery/stm32f769i_discovery_audio.c:579:6:BSP_AUDIO_OUT_DeInit	8	static
C:/Users/Gary/Desktop/f769/f769/Drivers/BSP/STM32F769I-Discovery/stm32f769i_discovery_audio.c:591:6:HAL_SAI_TxCpltCallback	16	static
C:/Users/Gary/Desktop/f769/f769/Drivers/BSP/STM32F769I-Discovery/stm32f769i_discovery_audio.c:605:6:HAL_SAI_TxHalfCpltCallback	16	static
C:/Users/Gary/Desktop/f769/f769/Drivers/BSP/STM32F769I-Discovery/stm32f769i_discovery_audio.c:619:6:HAL_SAI_ErrorCallback	16	static
C:/Users/Gary/Desktop/f769/f769/Drivers/BSP/STM32F769I-Discovery/stm32f769i_discovery_audio.c:636:13:BSP_AUDIO_OUT_TransferComplete_CallBack	4	static
C:/Users/Gary/Desktop/f769/f769/Drivers/BSP/STM32F769I-Discovery/stm32f769i_discovery_audio.c:644:13:BSP_AUDIO_OUT_HalfTransfer_CallBack	4	static
C:/Users/Gary/Desktop/f769/f769/Drivers/BSP/STM32F769I-Discovery/stm32f769i_discovery_audio.c:652:13:BSP_AUDIO_OUT_Error_CallBack	4	static
C:/Users/Gary/Desktop/f769/f769/Drivers/BSP/STM32F769I-Discovery/stm32f769i_discovery_audio.c:662:13:BSP_AUDIO_OUT_MspInit	56	static
C:/Users/Gary/Desktop/f769/f769/Drivers/BSP/STM32F769I-Discovery/stm32f769i_discovery_audio.c:732:13:SAI_AUDIO_IN_MspInit	56	static
C:/Users/Gary/Desktop/f769/f769/Drivers/BSP/STM32F769I-Discovery/stm32f769i_discovery_audio.c:805:13:SAI_AUDIO_IN_MspDeInit	40	static
C:/Users/Gary/Desktop/f769/f769/Drivers/BSP/STM32F769I-Discovery/stm32f769i_discovery_audio.c:838:13:BSP_AUDIO_OUT_MspDeInit	40	static
C:/Users/Gary/Desktop/f769/f769/Drivers/BSP/STM32F769I-Discovery/stm32f769i_discovery_audio.c:877:13:BSP_AUDIO_OUT_ClockConfig	168	static
C:/Users/Gary/Desktop/f769/f769/Drivers/BSP/STM32F769I-Discovery/stm32f769i_discovery_audio.c:924:13:SAIx_Out_Init	16	static
C:/Users/Gary/Desktop/f769/f769/Drivers/BSP/STM32F769I-Discovery/stm32f769i_discovery_audio.c:984:13:SAIx_Out_DeInit	8	static
C:/Users/Gary/Desktop/f769/f769/Drivers/BSP/STM32F769I-Discovery/stm32f769i_discovery_audio.c:1002:13:SAIx_In_Init	16	static
C:/Users/Gary/Desktop/f769/f769/Drivers/BSP/STM32F769I-Discovery/stm32f769i_discovery_audio.c:1115:13:SAIx_In_DeInit	8	static
C:/Users/Gary/Desktop/f769/f769/Drivers/BSP/STM32F769I-Discovery/stm32f769i_discovery_audio.c:1142:9:BSP_AUDIO_IN_Init	24	static
C:/Users/Gary/Desktop/f769/f769/Drivers/BSP/STM32F769I-Discovery/stm32f769i_discovery_audio.c:1155:9:BSP_AUDIO_IN_InitEx	40	static
C:/Users/Gary/Desktop/f769/f769/Drivers/BSP/STM32F769I-Discovery/stm32f769i_discovery_audio.c:1222:9:BSP_AUDIO_IN_AllocScratch	24	static
C:/Users/Gary/Desktop/f769/f769/Drivers/BSP/STM32F769I-Discovery/stm32f769i_discovery_audio.c:1241:9:BSP_AUDIO_IN_GetChannelNumber	4	static
C:/Users/Gary/Desktop/f769/f769/Drivers/BSP/STM32F769I-Discovery/stm32f769i_discovery_audio.c:1252:9:BSP_AUDIO_IN_Record	16	static
C:/Users/Gary/Desktop/f769/f769/Drivers/BSP/STM32F769I-Discovery/stm32f769i_discovery_audio.c:1305:9:BSP_AUDIO_IN_Stop	8	static
C:/Users/Gary/Desktop/f769/f769/Drivers/BSP/STM32F769I-Discovery/stm32f769i_discovery_audio.c:1366:9:BSP_AUDIO_IN_Pause	8	static
C:/Users/Gary/Desktop/f769/f769/Drivers/BSP/STM32F769I-Discovery/stm32f769i_discovery_audio.c:1402:9:BSP_AUDIO_IN_Resume	8	static
C:/Users/Gary/Desktop/f769/f769/Drivers/BSP/STM32F769I-Discovery/stm32f769i_discovery_audio.c:1438:6:BSP_AUDIO_IN_DeInit	8	static
C:/Users/Gary/Desktop/f769/f769/Drivers/BSP/STM32F769I-Discovery/stm32f769i_discovery_audio.c:1460:6:HAL_DFSDM_FilterRegConvCpltCallback	24	static
C:/Users/Gary/Desktop/f769/f769/Drivers/BSP/STM32F769I-Discovery/stm32f769i_discovery_audio.c:1536:6:HAL_DFSDM_FilterRegConvHalfCpltCallback	24	static
C:/Users/Gary/Desktop/f769/f769/Drivers/BSP/STM32F769I-Discovery/stm32f769i_discovery_audio.c:1612:6:HAL_SAI_RxHalfCpltCallback	16	static
C:/Users/Gary/Desktop/f769/f769/Drivers/BSP/STM32F769I-Discovery/stm32f769i_discovery_audio.c:1624:6:HAL_SAI_RxCpltCallback	16	static
C:/Users/Gary/Desktop/f769/f769/Drivers/BSP/STM32F769I-Discovery/stm32f769i_discovery_audio.c:1634:13:BSP_AUDIO_IN_TransferComplete_CallBack	4	static
C:/Users/Gary/Desktop/f769/f769/Drivers/BSP/STM32F769I-Discovery/stm32f769i_discovery_audio.c:1645:13:BSP_AUDIO_IN_HalfTransfer_CallBack	4	static
C:/Users/Gary/Desktop/f769/f769/Drivers/BSP/STM32F769I-Discovery/stm32f769i_discovery_audio.c:1656:13:BSP_AUDIO_IN_Error_CallBack	4	static
C:/Users/Gary/Desktop/f769/f769/Drivers/BSP/STM32F769I-Discovery/stm32f769i_discovery_audio.c:1666:13:BSP_AUDIO_IN_MspInit	8	static
C:/Users/Gary/Desktop/f769/f769/Drivers/BSP/STM32F769I-Discovery/stm32f769i_discovery_audio.c:1685:13:BSP_AUDIO_IN_MspDeInit	8	static
C:/Users/Gary/Desktop/f769/f769/Drivers/BSP/STM32F769I-Discovery/stm32f769i_discovery_audio.c:1709:13:BSP_AUDIO_IN_ClockConfig	168	static
C:/Users/Gary/Desktop/f769/f769/Drivers/BSP/STM32F769I-Discovery/stm32f769i_discovery_audio.c:1762:16:DFSDMx_Init	16	static
C:/Users/Gary/Desktop/f769/f769/Drivers/BSP/STM32F769I-Discovery/stm32f769i_discovery_audio.c:1972:16:DFSDMx_DeInit	8	static
C:/Users/Gary/Desktop/f769/f769/Drivers/BSP/STM32F769I-Discovery/stm32f769i_discovery_audio.c:2028:13:DFSDMx_ChannelMspInit	40	static
C:/Users/Gary/Desktop/f769/f769/Drivers/BSP/STM32F769I-Discovery/stm32f769i_discovery_audio.c:2065:13:DFSDMx_ChannelMspDeInit	32	static
C:/Users/Gary/Desktop/f769/f769/Drivers/BSP/STM32F769I-Discovery/stm32f769i_discovery_audio.c:2089:13:DFSDMx_FilterMspInit	16	static
C:/Users/Gary/Desktop/f769/f769/Drivers/BSP/STM32F769I-Discovery/stm32f769i_discovery_audio.c:2203:13:DFSDMx_FilterMspDeInit	8	static
